Atmosphère Crash Report (v1.7):
Result:                          0x4A8 (2168-0002)

Process Info:
    Process Name:                Application
    Program ID:                  01006a800016e000
    Process ID:                  0000000000000096
    Process Flags:               00000077
    User Exception Address:      000000154364f000
Exception Info:
    Type:                        Data Abort
    Address:                     000000f9be1b200d
    Fault Address:               0000000000000000
Crashed Thread Info:
    Thread ID:                   0000000000000354
    Thread Name:                 Thread_0x000000591F96BDAC
    Stack Region:                0000004ed8f49000-0000004ed8f59000
    Registers:
        X[00]:                   0000007a0000000d
        X[01]:                   0000005917c09910 (saltynx_core + 0x9910)
        X[02]:                   0000000000000000
        X[03]:                   0000000000000000
        X[04]:                   0000000000000000
        X[05]:                   0000000000000000
        X[06]:                   0000000000000000
        X[07]:                   0000000000000000
        X[08]:                   0000000000000000
        X[09]:                   0000000000000000
        X[10]:                   0000000000000000
        X[11]:                   0000000000000000
        X[12]:                   0000000000000000
        X[13]:                   0000000000000000
        X[14]:                   0000000000000000
        X[15]:                   0000000000000000
        X[16]:                   0000000000000000
        X[17]:                   0000000000000000
        X[18]:                   00000000000000b1
        X[19]:                   0000007fbe35cbde
        X[20]:                   0000007fbe1b2000
        X[21]:                   0000000000001e6d
        X[22]:                   0000007fbe35b7f0
        X[23]:                   0000007fbe35c888
        X[24]:                   0000005917c1af08
        X[25]:                   00000000000000b1
        X[26]:                   0000007fbe38ba28
        X[27]:                   0000000000000000
        X[28]:                   000000000000007b
        FP:                      0000004ed8f58b90
        LR:                      0000005917c09430 (saltynx_core + 0x9430) (SaltySDCore_ReplaceModuleImport + 0x200)
        SP:                      0000004ed8f58b90
        PC:                      0000005917c09440 (saltynx_core + 0x9440) (SaltySDCore_ReplaceModuleImport + 0x210)
    Stack Trace:
        ReturnAddress[00]:       0000005917c09960 (saltynx_core + 0x9960)
        ReturnAddress[01]:       000000591f9675ec (Skyline + 0x75ec)
        ReturnAddress[02]:       000000591fcb6984 (nnSdk + 0x338984)
        ReturnAddress[03]:       0000000000000000
    Stack Dump:                               00 01 02 03 04 05 06 07 08 09 0a 0b 0c 0d 0e 0f
                                 004ed8f58b90 50 8c f5 d8 4e 00 00 00 60 99 c0 17 59 00 00 00
                                 004ed8f58ba0 00 00 00 00 00 00 00 00 e0 03 d5 c0 24 00 00 00
                                 004ed8f58bb0 00 00 00 00 00 00 00 00 00 40 c3 17 59 00 00 00
                                 004ed8f58bc0 00 40 c3 17 59 00 00 00 00 00 00 00 00 00 00 00
                                 004ed8f58bd0 00 00 00 00 00 00 00 00 00 00 00 00 00 00 00 00
                                 004ed8f58be0 00 00 00 00 00 00 00 00 00 00 00 00 00 00 00 00
                                 004ed8f58bf0 00 00 00 00 00 00 00 00 10 99 c0 17 59 00 00 00
                                 004ed8f58c00 00 00 00 00 00 00 00 00 00 58 c1 17 59 00 00 00
                                 004ed8f58c10 00 00 00 00 01 00 00 00 a0 b0 c1 17 59 00 00 00
                                 004ed8f58c20 d0 99 c0 17 59 00 00 00 e0 03 d5 c0 24 00 00 00
                                 004ed8f58c30 40 8c f5 d8 4e 00 00 00 00 57 cc 1f 59 00 00 00
                                 004ed8f58c40 50 8c f5 d8 4e 00 00 00 34 99 c0 17 59 00 00 00
                                 004ed8f58c50 b0 8f f5 d8 4e 00 00 00 ec 75 96 1f 59 00 00 00
                                 004ed8f58c60 e0 03 d5 c0 24 00 00 00 00 20 db c1 24 00 00 00
                                 004ed8f58c70 fc 0b 95 c0 24 00 00 00 00 00 00 00 00 00 00 00
                                 004ed8f58c80 00 00 00 00 00 00 00 00 ec 75 96 1f 59 00 00 00
    TLS Address:                 000000154364f800
    TLS Dump:                                 00 01 02 03 04 05 06 07 08 09 0a 0b 0c 0d 0e 0f
                                 00154364f800 04 00 10 00 0a 00 00 80 01 00 00 00 00 00 00 00
                                 00154364f810 53 46 43 4f 1d 00 00 00 00 b1 c1 17 14 00 00 90
                                 00154364f820 53 46 43 49 00 00 00 00 14 00 00 00 00 00 00 00
                                 00154364f830 72 00 00 00 00 00 00 00 00 20 db c1 24 00 00 00
                                 00154364f840 00 10 23 00 00 00 00 00 00 10 68 c2 24 00 00 00
                                 00154364f850 00 10 00 00 00 00 00 00 00 a5 00 00 04 00 00 00
                                 00154364f860 00 00 00 00 00 00 00 00 00 00 5e 00 00 00 00 00
                                 00154364f870 00 00 00 00 00 00 00 00 00 00 00 00 00 00 00 00
                                 00154364f880 00 00 00 00 00 00 00 00 00 00 00 00 00 00 00 00
                                 00154364f890 00 00 00 00 00 00 00 00 00 00 00 00 00 00 00 00
                                 00154364f8a0 00 00 00 00 00 00 00 00 00 00 00 00 00 00 00 00
                                 00154364f8b0 00 00 00 00 00 00 00 00 00 00 00 00 00 00 00 00
                                 00154364f8c0 00 00 00 00 00 00 00 00 00 00 00 00 00 00 00 00
                                 00154364f8d0 00 00 00 00 00 00 00 00 00 00 00 00 00 00 00 00
                                 00154364f8e0 00 00 00 00 00 00 00 00 00 00 00 00 00 00 00 00
                                 00154364f8f0 00 00 00 00 00 00 00 00 00 00 00 00 00 00 00 00
Module Info:
    Number of Modules:           07
    Module 00:
        Address:                 0000005917c00000-0000005917c19000
        Name:                    saltynx_core
        Module Id:               FCECC093A394F462B3EC65369D7B4F5D84F47EC1000000000000000000000000
    Module 01:
        Address:                 0000005917ddc000-0000005917e00000
        Name:                    [00000000]
        Module Id:               0000000000000000000000000000000000000000000000000000000000000000
    Module 02:
        Address:                 0000005917e00000-0000005917e02000
        Name:                    nnrtld
        Module Id:               285183CAC95179371CC22CEC3723F882E1589659000000000000000000000000
    Module 03:
        Address:                 0000005917e04000-000000591b7cc000
        Name:                    cross2_Release.nss
        Module Id:               3EAE0063B12FD81E99FB5980BA56297049EA94F9000000000000000000000000
    Module 04:
        Address:                 000000591f24b000-000000591f5b8000
        Name:                    multimedia
        Module Id:               60C6EDBBFCEBD4176CC301D5D9CB5A6F094F9360000000000000000000000000
    Module 05:
        Address:                 000000591f960000-000000591f971000
        Name:                    Skyline
        Module Id:               84F953E76E1E2E976B0C1540F615449D25DA5BF3000000000000000000000000
    Module 06:
        Address:                 000000591f97e000-000000591febf000
        Name:                    nnSdk
        Module Id:               5FD4F531C1195E9E5510C9E73F22CD39612839F8000000000000000000000000
Thread Report:
Number of Threads:               06
Threads[00]:
    Thread ID:                   0000000000000351
    Thread Name:                 MainThread
    Stack Region:                0000004ec5516000-0000004ec5616000
    Registers:
        X[00]:                   00000024c02f003c
        X[01]:                   00000024c02f0040
        X[02]:                   00000000000081ff
        X[03]:                   ffffffffffffffff
        X[04]:                   0000000000000000
        X[05]:                   0000000000000000
        X[06]:                   0000000000000000
        X[07]:                   0000000000000000
        X[08]:                   0000000000000000
        X[09]:                   0000000000000000
        X[10]:                   0000000000000000
        X[11]:                   0000000000000000
        X[12]:                   0000000000000000
        X[13]:                   0000000000000000
        X[14]:                   0000000000000000
        X[15]:                   0000000000000000
        X[16]:                   0000000000000000
        X[17]:                   0000000000000000
        X[18]:                   0000000000000000
        X[19]:                   0000000000000000
        X[20]:                   0000000000000000
        X[21]:                   0000000000000000
        X[22]:                   0000000000000000
        X[23]:                   0000000000000000
        X[24]:                   0000000000000000
        X[25]:                   0000000000000000
        X[26]:                   0000000000000000
        X[27]:                   0000000000000000
        X[28]:                   0000000000000000
        FP:                      0000004ec5613ca0
        LR:                      000000591fcb7998 (nnSdk + 0x339998) (_ZN2nn2os6detail38InternalConditionVariableImplByHorizon4WaitEPNS1_23InternalCriticalSectionE + 0x48)
        SP:                      0000004ec5613c80
        PC:                      000000591fd0792c (nnSdk + 0x38992c)
    Stack Trace:
        ReturnAddress[00]:       000000591fcac898 (nnSdk + 0x32e898) (_ZN2nn2os9WaitEventEPNS0_9EventTypeE + 0x48)
        ReturnAddress[01]:       000000591f960618 (Skyline + 0x618)
        ReturnAddress[02]:       000000591b545cfc (cross2_Release.nss + 0x3741cfc)
        ReturnAddress[03]:       00000059180c9968 (cross2_Release.nss + 0x2c5968) (nnMain + 0x348)
        ReturnAddress[04]:       000000591fc1ba2c (nnSdk + 0x29da2c) (_ZN2nn4init5StartEmmPFvvES2_ + 0x4c)
        ReturnAddress[05]:       0000005917e000c0 (nnrtld + 0xc0)
        ReturnAddress[06]:       0000000000000000
    Stack Dump:                               00 01 02 03 04 05 06 07 08 09 0a 0b 0c 0d 0e 0f
                                 004ec5613c80 40 00 2f c0 24 00 00 00 00 00 00 00 00 00 00 00
                                 004ec5613c90 20 00 2f c0 24 00 00 00 3c 00 2f c0 24 00 00 00
                                 004ec5613ca0 d0 3c 61 c5 4e 00 00 00 98 c8 ca 1f 59 00 00 00
                                 004ec5613cb0 50 05 00 00 00 00 00 00 49 3f 61 c5 4e 00 00 00
                                 004ec5613cc0 80 0a 72 c0 24 00 00 00 00 0a 95 c0 24 00 00 00
                                 004ec5613cd0 c0 43 61 c5 4e 00 00 00 18 06 96 1f 59 00 00 00
                                 004ec5613ce0 40 24 96 1f 59 00 00 00 30 3f 61 c5 4e 00 00 00
                                 004ec5613cf0 10 81 bb c0 24 00 00 00 90 3e 61 c5 4e 00 00 00
                                 004ec5613d00 38 3d 61 c5 4e 00 00 00 a8 3e 61 c5 4e 00 00 00
                                 004ec5613d10 30 13 96 1f 59 00 00 00 00 0a 95 c0 24 00 00 00
                                 004ec5613d20 dc 1e 96 1f 59 00 00 00 a8 3e 61 c5 4e 00 00 00
                                 004ec5613d30 a8 3e 61 c5 4e 00 00 00 70 3d 61 c5 01 00 00 00
                                 004ec5613d40 30 13 96 1f 59 00 00 00 a8 3e 61 c5 4e 00 00 00
                                 004ec5613d50 38 18 96 1f 59 00 00 00 60 3e 61 c5 4e 00 00 00
                                 004ec5613d60 9f 3d 61 c5 4e 00 00 00 a8 3e 61 c5 4e 00 00 00
                                 004ec5613d70 a8 3e 61 c5 4e 00 00 00 a8 3e 61 c5 4e 00 00 00
    TLS Address:                 000000154364f200
    TLS Dump:                                 00 01 02 03 04 05 06 07 08 09 0a 0b 0c 0d 0e 0f
                                 00154364f200 00 00 00 00 0c 00 00 00 00 00 00 00 00 00 00 00
                                 00154364f210 00 00 00 00 00 00 00 00 00 00 00 00 00 00 00 00
                                 00154364f220 53 46 43 4f 00 00 00 00 00 00 00 00 eb ca d2 c4
                                 00154364f230 6c 04 00 00 00 00 00 00 00 00 00 00 00 00 00 00
                                 00154364f240 34 b7 72 19 04 00 00 00 6c 04 00 00 00 00 00 00
                                 00154364f250 00 00 00 00 00 00 f0 3f 00 00 00 00 00 00 24 40
                                 00154364f260 00 00 00 00 00 00 59 40 00 00 00 00 00 40 8f 40
                                 00154364f270 00 00 00 00 00 88 c3 00 00 00 00 00 00 00 00 00
                                 00154364f280 00 00 00 00 00 00 00 00 00 00 00 00 00 00 00 00
                                 00154364f290 00 00 00 00 00 00 00 00 00 00 00 00 00 00 00 00
                                 00154364f2a0 00 00 00 00 00 00 00 00 00 00 00 00 00 00 00 00
                                 00154364f2b0 00 00 00 00 00 00 00 00 00 00 00 00 00 00 00 00
                                 00154364f2c0 00 00 00 00 00 00 00 00 00 00 00 00 00 00 00 00
                                 00154364f2d0 00 00 00 00 00 00 00 00 00 00 00 00 00 00 00 00
                                 00154364f2e0 00 00 00 00 00 00 00 00 00 00 00 00 00 00 00 00
                                 00154364f2f0 00 00 00 00 00 00 00 00 00 00 00 00 00 00 00 00
Threads[01]:
    Thread ID:                   0000000000000352
    Thread Name:                 NxSystemThread
    Stack Region:                0000004e9d0d8000-0000004e9d0d9000
    Registers:
        X[00]:                   0000004e9d0d8b5c
        X[01]:                   0000004e9d0d8d74
        X[02]:                   0000000000000001
        X[03]:                   ffffffffffffffff
        X[04]:                   ffffffffffffffff
        X[05]:                   0000000000000000
        X[06]:                   0000000000000000
        X[07]:                   0000000000000000
        X[08]:                   0000000000000000
        X[09]:                   0000000000000000
        X[10]:                   0000000000000000
        X[11]:                   0000000000000000
        X[12]:                   0000000000000000
        X[13]:                   0000000000000000
        X[14]:                   0000000000000000
        X[15]:                   0000000000000000
        X[16]:                   0000000000000000
        X[17]:                   0000000000000000
        X[18]:                   0000000000000000
        X[19]:                   0000000000000000
        X[20]:                   0000000000000000
        X[21]:                   0000000000000000
        X[22]:                   0000000000000000
        X[23]:                   0000000000000000
        X[24]:                   0000000000000000
        X[25]:                   0000000000000000
        X[26]:                   0000000000000000
        X[27]:                   0000000000000000
        X[28]:                   0000000000000000
        FP:                      0000004e9d0d8b60
        LR:                      000000591fcb6464 (nnSdk + 0x338464) (_ZN2nn2os6detail22MultiWaitImplByHorizon20WaitSynchronizationNEiPjil + 0x24)
        SP:                      0000004e9d0d8b40
        PC:                      000000591fd07900 (nnSdk + 0x389900)
    Stack Trace:
        ReturnAddress[00]:       000000591fcb3c48 (nnSdk + 0x335c48) (_ZN2nn2os6detail13MultiWaitImpl19InternalWaitAnyImplEbNS_8TimeSpanE + 0x138)
        ReturnAddress[01]:       000000591fcb3e78 (nnSdk + 0x335e78) (_ZN2nn2os6detail13MultiWaitImpl11WaitAnyImplEbNS_8TimeSpanE + 0xa8)
        ReturnAddress[02]:       000000591fcb05f4 (nnSdk + 0x3325f4)
        ReturnAddress[03]:       000000591fcb055c (nnSdk + 0x33255c)
        ReturnAddress[04]:       000000591fcb054c (nnSdk + 0x33254c)
        ReturnAddress[05]:       000000591fcb24b8 (nnSdk + 0x3344b8)
        ReturnAddress[06]:       000000591fcb6984 (nnSdk + 0x338984)
        ReturnAddress[07]:       0000000000000000
    Stack Dump:                               00 01 02 03 04 05 06 07 08 09 0a 0b 0c 0d 0e 0f
                                 004e9d0d8b40 5c 8b 0d 9d 4e 00 00 00 00 00 00 00 00 00 00 00
                                 004e9d0d8b50 8a 45 bc 04 df ff ff 7f d0 81 64 20 59 00 00 00
                                 004e9d0d8b60 d0 8e 0d 9d 4e 00 00 00 48 3c cb 1f 59 00 00 00
                                 004e9d0d8b70 00 7c 64 20 59 00 00 00 00 00 00 00 00 00 00 00
                                 004e9d0d8b80 00 00 00 00 00 00 00 00 00 00 00 00 00 00 00 00
                                 004e9d0d8b90 00 00 00 00 00 00 00 00 00 00 00 00 00 00 00 00
                                 004e9d0d8ba0 00 00 00 00 00 00 00 00 00 00 00 00 00 00 00 00
                                 004e9d0d8bb0 00 00 00 00 00 00 00 00 00 00 00 00 00 00 00 00
                                 004e9d0d8bc0 00 00 00 00 00 00 00 00 00 00 00 00 00 00 00 00
                                 004e9d0d8bd0 00 00 00 00 00 00 00 00 00 00 00 00 00 00 00 00
                                 004e9d0d8be0 00 00 00 00 00 00 00 00 00 00 00 00 00 00 00 00
                                 004e9d0d8bf0 00 00 00 00 00 00 00 00 00 00 00 00 00 00 00 00
                                 004e9d0d8c00 00 00 00 00 00 00 00 00 00 00 00 00 00 00 00 00
                                 004e9d0d8c10 00 00 00 00 00 00 00 00 00 00 00 00 00 00 00 00
                                 004e9d0d8c20 00 00 00 00 00 00 00 00 00 00 00 00 00 00 00 00
                                 004e9d0d8c30 00 00 00 00 00 00 00 00 00 00 00 00 00 00 00 00
    TLS Address:                 000000154364f400
    TLS Dump:                                 00 01 02 03 04 05 06 07 08 09 0a 0b 0c 0d 0e 0f
                                 00154364f400 00 00 00 00 00 00 00 00 00 00 00 00 00 00 00 00
                                 00154364f410 00 00 00 00 00 00 00 00 00 00 00 00 00 00 00 00
                                 00154364f420 00 00 00 00 00 00 00 00 00 00 00 00 00 00 00 00
                                 00154364f430 00 00 00 00 00 00 00 00 00 00 00 00 00 00 00 00
                                 00154364f440 00 00 00 00 00 00 00 00 00 00 00 00 00 00 00 00
                                 00154364f450 00 00 00 00 00 00 00 00 00 00 00 00 00 00 00 00
                                 00154364f460 00 00 00 00 00 00 00 00 00 00 00 00 00 00 00 00
                                 00154364f470 00 00 00 00 00 00 00 00 00 00 00 00 00 00 00 00
                                 00154364f480 00 00 00 00 00 00 00 00 00 00 00 00 00 00 00 00
                                 00154364f490 00 00 00 00 00 00 00 00 00 00 00 00 00 00 00 00
                                 00154364f4a0 00 00 00 00 00 00 00 00 00 00 00 00 00 00 00 00
                                 00154364f4b0 00 00 00 00 00 00 00 00 00 00 00 00 00 00 00 00
                                 00154364f4c0 00 00 00 00 00 00 00 00 00 00 00 00 00 00 00 00
                                 00154364f4d0 00 00 00 00 00 00 00 00 00 00 00 00 00 00 00 00
                                 00154364f4e0 00 00 00 00 00 00 00 00 00 00 00 00 00 00 00 00
                                 00154364f4f0 00 00 00 00 00 00 00 00 00 00 00 00 00 00 00 00
Threads[02]:
    Thread ID:                   0000000000000353
    Thread Name:                 <UNKNOWN>
    Stack Region:                0000004ec16d3000-0000004ec1713000
    Registers:
        X[00]:                   0000004ec1712ef8
        X[01]:                   0000004ec1712efc
        X[02]:                   0000000000000001
        X[03]:                   ffffffffffffffff
        X[04]:                   0000000000000000
        X[05]:                   0000000000000000
        X[06]:                   0000000000000000
        X[07]:                   0000000000000000
        X[08]:                   0000000000000000
        X[09]:                   0000000000000000
        X[10]:                   0000000000000000
        X[11]:                   0000000000000000
        X[12]:                   0000000000000000
        X[13]:                   0000000000000000
        X[14]:                   0000000000000000
        X[15]:                   0000000000000000
        X[16]:                   0000000000000000
        X[17]:                   0000000000000000
        X[18]:                   0000000000000000
        X[19]:                   0000000000000000
        X[20]:                   0000000000000000
        X[21]:                   0000000000000000
        X[22]:                   0000000000000000
        X[23]:                   0000000000000000
        X[24]:                   0000000000000000
        X[25]:                   0000000000000000
        X[26]:                   0000000000000000
        X[27]:                   0000000000000000
        X[28]:                   0000000000000000
        FP:                      0000004ec1712f10
        LR:                      000000591fcb7498 (nnSdk + 0x339498) (_ZN2nn2os6detail30InterProcessEventImplByHorizon4WaitEjb + 0x88)
        SP:                      0000004ec1712ee0
        PC:                      000000591fd07900 (nnSdk + 0x389900)
    Stack Trace:
        ReturnAddress[00]:       000000591b55898c (cross2_Release.nss + 0x375498c)
        ReturnAddress[01]:       000000591fcb24b8 (nnSdk + 0x3344b8)
        ReturnAddress[02]:       000000591fcb6984 (nnSdk + 0x338984)
        ReturnAddress[03]:       0000000000000000
    Stack Dump:                               00 01 02 03 04 05 06 07 08 09 0a 0b 0c 0d 0e 0f
                                 004ec1712ee0 f8 2e 71 c1 4e 00 00 00 00 00 00 00 00 00 00 00
                                 004ec1712ef0 00 00 00 00 00 00 00 00 00 00 00 00 f6 81 06 00
                                 004ec1712f00 06 00 00 00 00 00 00 00 f0 e4 73 1d 59 00 00 00
                                 004ec1712f10 80 2f 71 c1 4e 00 00 00 8c 89 55 1b 59 00 00 00
                                 004ec1712f20 00 00 00 00 00 00 00 00 00 00 00 00 00 00 00 00
                                 004ec1712f30 00 00 00 00 00 00 00 00 00 00 00 00 00 00 00 00
                                 004ec1712f40 00 00 00 00 00 00 00 00 00 00 00 00 00 00 00 00
                                 004ec1712f50 00 00 00 00 00 00 00 00 00 00 00 00 00 00 00 00
                                 004ec1712f60 00 00 00 00 00 00 00 00 bc 09 95 c0 24 00 00 00
                                 004ec1712f70 b8 09 95 c0 24 00 00 00 10 08 95 c0 24 00 00 00
                                 004ec1712f80 b0 2f 71 c1 4e 00 00 00 b8 24 cb 1f 59 00 00 00
                                 004ec1712f90 00 00 00 00 00 00 00 00 00 00 00 00 00 00 00 00
                                 004ec1712fa0 00 00 00 00 00 00 00 00 10 08 95 c0 24 00 00 00
                                 004ec1712fb0 d0 2f 71 c1 4e 00 00 00 84 69 cb 1f 59 00 00 00
                                 004ec1712fc0 00 00 00 00 00 00 00 00 00 00 00 00 00 00 00 00
                                 004ec1712fd0 00 00 00 00 00 00 00 00 00 00 00 00 00 00 00 00
    TLS Address:                 000000154364f600
    TLS Dump:                                 00 01 02 03 04 05 06 07 08 09 0a 0b 0c 0d 0e 0f
                                 00154364f600 00 00 00 00 00 00 00 00 00 00 00 00 00 00 00 00
                                 00154364f610 00 00 00 00 00 00 00 00 00 00 00 00 00 00 00 00
                                 00154364f620 00 00 00 00 00 00 00 00 00 00 00 00 00 00 00 00
                                 00154364f630 00 00 00 00 00 00 00 00 00 00 00 00 00 00 00 00
                                 00154364f640 00 00 00 00 00 00 00 00 00 00 00 00 00 00 00 00
                                 00154364f650 00 00 00 00 00 00 00 00 00 00 00 00 00 00 00 00
                                 00154364f660 00 00 00 00 00 00 00 00 00 00 00 00 00 00 00 00
                                 00154364f670 00 00 00 00 00 00 00 00 00 00 00 00 00 00 00 00
                                 00154364f680 00 00 00 00 00 00 00 00 00 00 00 00 00 00 00 00
                                 00154364f690 00 00 00 00 00 00 00 00 00 00 00 00 00 00 00 00
                                 00154364f6a0 00 00 00 00 00 00 00 00 00 00 00 00 00 00 00 00
                                 00154364f6b0 00 00 00 00 00 00 00 00 00 00 00 00 00 00 00 00
                                 00154364f6c0 00 00 00 00 00 00 00 00 00 00 00 00 00 00 00 00
                                 00154364f6d0 00 00 00 00 00 00 00 00 00 00 00 00 00 00 00 00
                                 00154364f6e0 00 00 00 00 00 00 00 00 00 00 00 00 00 00 00 00
                                 00154364f6f0 00 00 00 00 00 00 00 00 00 00 00 00 00 00 00 00
Threads[03]:
    Thread ID:                   0000000000000354
    Thread Name:                 Thread_0x000000591F96BDAC
    Stack Region:                0000004ed8f49000-0000004ed8f59000
    Registers:
        X[00]:                   0000007a0000000d
        X[01]:                   0000005917c09910 (saltynx_core + 0x9910)
        X[02]:                   0000000000000000
        X[03]:                   0000000000000000
        X[04]:                   0000000000000000
        X[05]:                   0000000000000000
        X[06]:                   0000000000000000
        X[07]:                   0000000000000000
        X[08]:                   0000000000000000
        X[09]:                   0000000000000000
        X[10]:                   0000000000000000
        X[11]:                   0000000000000000
        X[12]:                   0000000000000000
        X[13]:                   0000000000000000
        X[14]:                   0000000000000000
        X[15]:                   0000000000000000
        X[16]:                   0000000000000000
        X[17]:                   0000000000000000
        X[18]:                   00000000000000b1
        X[19]:                   0000007fbe35cbde
        X[20]:                   0000007fbe1b2000
        X[21]:                   0000000000001e6d
        X[22]:                   0000007fbe35b7f0
        X[23]:                   0000007fbe35c888
        X[24]:                   0000005917c1af08
        X[25]:                   00000000000000b1
        X[26]:                   0000007fbe38ba28
        X[27]:                   0000000000000000
        X[28]:                   000000000000007b
        FP:                      0000004ed8f58b90
        LR:                      0000005917c09430 (saltynx_core + 0x9430) (SaltySDCore_ReplaceModuleImport + 0x200)
        SP:                      0000004ed8f58b90
        PC:                      0000005917c09440 (saltynx_core + 0x9440) (SaltySDCore_ReplaceModuleImport + 0x210)
    Stack Trace:
        ReturnAddress[00]:       0000005917c09960 (saltynx_core + 0x9960)
        ReturnAddress[01]:       000000591f9675ec (Skyline + 0x75ec)
        ReturnAddress[02]:       000000591fcb6984 (nnSdk + 0x338984)
        ReturnAddress[03]:       0000000000000000
    Stack Dump:                               00 01 02 03 04 05 06 07 08 09 0a 0b 0c 0d 0e 0f
                                 004ed8f58b90 50 8c f5 d8 4e 00 00 00 60 99 c0 17 59 00 00 00
                                 004ed8f58ba0 00 00 00 00 00 00 00 00 e0 03 d5 c0 24 00 00 00
                                 004ed8f58bb0 00 00 00 00 00 00 00 00 00 40 c3 17 59 00 00 00
                                 004ed8f58bc0 00 40 c3 17 59 00 00 00 00 00 00 00 00 00 00 00
                                 004ed8f58bd0 00 00 00 00 00 00 00 00 00 00 00 00 00 00 00 00
                                 004ed8f58be0 00 00 00 00 00 00 00 00 00 00 00 00 00 00 00 00
                                 004ed8f58bf0 00 00 00 00 00 00 00 00 10 99 c0 17 59 00 00 00
                                 004ed8f58c00 00 00 00 00 00 00 00 00 00 58 c1 17 59 00 00 00
                                 004ed8f58c10 00 00 00 00 01 00 00 00 a0 b0 c1 17 59 00 00 00
                                 004ed8f58c20 d0 99 c0 17 59 00 00 00 e0 03 d5 c0 24 00 00 00
                                 004ed8f58c30 40 8c f5 d8 4e 00 00 00 00 57 cc 1f 59 00 00 00
                                 004ed8f58c40 50 8c f5 d8 4e 00 00 00 34 99 c0 17 59 00 00 00
                                 004ed8f58c50 b0 8f f5 d8 4e 00 00 00 ec 75 96 1f 59 00 00 00
                                 004ed8f58c60 e0 03 d5 c0 24 00 00 00 00 20 db c1 24 00 00 00
                                 004ed8f58c70 fc 0b 95 c0 24 00 00 00 00 00 00 00 00 00 00 00
                                 004ed8f58c80 00 00 00 00 00 00 00 00 ec 75 96 1f 59 00 00 00
    TLS Address:                 000000154364f800
    TLS Dump:                                 00 01 02 03 04 05 06 07 08 09 0a 0b 0c 0d 0e 0f
                                 00154364f800 04 00 10 00 0a 00 00 80 01 00 00 00 00 00 00 00
                                 00154364f810 53 46 43 4f 1d 00 00 00 00 b1 c1 17 14 00 00 90
                                 00154364f820 53 46 43 49 00 00 00 00 14 00 00 00 00 00 00 00
                                 00154364f830 72 00 00 00 00 00 00 00 00 20 db c1 24 00 00 00
                                 00154364f840 00 10 23 00 00 00 00 00 00 10 68 c2 24 00 00 00
                                 00154364f850 00 10 00 00 00 00 00 00 00 a5 00 00 04 00 00 00
                                 00154364f860 00 00 00 00 00 00 00 00 00 00 5e 00 00 00 00 00
                                 00154364f870 00 00 00 00 00 00 00 00 00 00 00 00 00 00 00 00
                                 00154364f880 00 00 00 00 00 00 00 00 00 00 00 00 00 00 00 00
                                 00154364f890 00 00 00 00 00 00 00 00 00 00 00 00 00 00 00 00
                                 00154364f8a0 00 00 00 00 00 00 00 00 00 00 00 00 00 00 00 00
                                 00154364f8b0 00 00 00 00 00 00 00 00 00 00 00 00 00 00 00 00
                                 00154364f8c0 00 00 00 00 00 00 00 00 00 00 00 00 00 00 00 00
                                 00154364f8d0 00 00 00 00 00 00 00 00 00 00 00 00 00 00 00 00
                                 00154364f8e0 00 00 00 00 00 00 00 00 00 00 00 00 00 00 00 00
                                 00154364f8f0 00 00 00 00 00 00 00 00 00 00 00 00 00 00 00 00
Threads[04]:
    Thread ID:                   0000000000000355
    Thread Name:                 Thread_0x000000591F9665D8
    Stack Region:                0000004e59a5f000-0000004e59a62000
    Registers:
        X[00]:                   00000000001681db
        X[01]:                   000000154364fa00
        X[02]:                   00000000001681db
        X[03]:                   0000004e59a61e60
        X[04]:                   0000000000001000
        X[05]:                   0000000000000013
        X[06]:                   000000154364fa00
        X[07]:                   0000000000000001
        X[08]:                   0000000000000000
        X[09]:                   0000000000000000
        X[10]:                   0000000000000000
        X[11]:                   0000000000000000
        X[12]:                   0000000000000000
        X[13]:                   0000000000000000
        X[14]:                   0000000000000000
        X[15]:                   0000000000000000
        X[16]:                   0000000000000000
        X[17]:                   0000000000000000
        X[18]:                   0000000000000000
        X[19]:                   0000000000000000
        X[20]:                   0000000000000000
        X[21]:                   0000000000000000
        X[22]:                   0000000000000000
        X[23]:                   0000000000000000
        X[24]:                   0000000000000000
        X[25]:                   0000000000000000
        X[26]:                   0000000000000000
        X[27]:                   0000000000000000
        X[28]:                   0000000000000000
        FP:                      0000004e59a61dd0
        LR:                      000000591fce5684 (nnSdk + 0x367684) (_ZN2nn2sf4hipc15SendSyncRequestENS_3svc6HandleEPvm + 0x34)
        SP:                      0000004e59a61dd0
        PC:                      000000591fd07954 (nnSdk + 0x389954)
    Stack Trace:
        ReturnAddress[00]:       000000591fcf9e80 (nnSdk + 0x37be80) (_ZN2nn2sf4cmif6client34CmifDomainProxyClientCoreProcessorINS0_4hipc6client38Hipc2ClientSessionManagedProxyKindBaseINS5_18Hipc2P + 0x150)
        ReturnAddress[01]:       000000591fcf8304 (nnSdk + 0x37a304)
        ReturnAddress[02]:       000000591fcefa24 (nnSdk + 0x371a24) (_ZN2nn6socket6detail6AcceptEiP8sockaddrPj + 0xa4)
        ReturnAddress[03]:       000000591f9666bc (Skyline + 0x66bc)
        ReturnAddress[04]:       000000591fcb6984 (nnSdk + 0x338984)
        ReturnAddress[05]:       0000000000000000
    Stack Dump:                               00 01 02 03 04 05 06 07 08 09 0a 0b 0c 0d 0e 0f
                                 004e59a61dd0 e0 1e a6 59 4e 00 00 00 80 9e cf 1f 59 00 00 00
                                 004e59a61de0 00 00 00 00 00 00 00 00 20 1f a6 59 4e 00 00 00
                                 004e59a61df0 1c 1f a6 59 4e 00 00 00 01 00 00 00 00 00 00 01
                                 004e59a61e00 0e 0c 00 00 00 00 00 00 00 00 00 00 00 00 00 00
                                 004e59a61e10 00 00 00 00 00 00 00 00 00 00 00 00 02 00 00 00
                                 004e59a61e20 00 00 00 00 05 00 00 00 13 00 00 00 15 00 00 00
                                 004e59a61e30 00 00 00 00 00 00 00 00 00 00 00 00 00 00 00 00
                                 004e59a61e40 00 00 00 00 00 00 00 00 00 00 00 00 00 00 00 00
                                 004e59a61e50 00 00 00 00 00 00 00 00 00 00 00 00 00 00 00 00
                                 004e59a61e60 22 00 00 00 00 00 00 00 70 1f a6 59 4e 00 00 00
                                 004e59a61e70 00 00 00 00 00 00 00 00 f8 1d a6 59 4e 00 00 00
                                 004e59a61e80 00 fa 64 43 15 00 00 00 00 00 00 00 00 00 00 00
                                 004e59a61e90 00 00 00 00 00 00 00 00 00 00 00 00 00 00 00 00
                                 004e59a61ea0 00 00 00 00 00 00 00 00 00 00 00 00 00 00 00 00
                                 004e59a61eb0 00 00 00 00 00 00 00 00 00 00 00 00 00 00 00 00
                                 004e59a61ec0 00 00 00 00 00 00 00 00 ac 01 d5 c0 24 00 00 00
    TLS Address:                 000000154364fa00
    TLS Dump:                                 00 01 02 03 04 05 06 07 08 09 0a 0b 0c 0d 0e 0f
                                 00154364fa00 06 00 00 01 0e 0c 00 00 00 00 00 00 00 00 00 00
                                 00154364fa10 00 00 00 00 00 00 00 00 00 00 00 00 00 00 00 00
                                 00154364fa20 01 00 14 00 01 00 00 00 00 00 00 00 00 00 00 00
                                 00154364fa30 53 46 43 49 01 00 00 00 0c 00 00 00 00 00 00 00
                                 00154364fa40 00 00 00 00 ff ff 00 00 00 00 00 00 70 1f a6 59
                                 00154364fa50 4e 00 00 00 00 00 00 00 00 00 00 00 00 00 00 00
                                 00154364fa60 00 00 00 00 00 00 00 00 00 00 00 00 00 00 00 00
                                 00154364fa70 00 00 00 00 00 00 00 00 00 00 00 00 00 00 00 00
                                 00154364fa80 00 00 00 00 00 00 00 00 00 00 00 00 00 00 00 00
                                 00154364fa90 00 00 00 00 00 00 00 00 00 00 00 00 00 00 00 00
                                 00154364faa0 00 00 00 00 00 00 00 00 00 00 00 00 00 00 00 00
                                 00154364fab0 00 00 00 00 00 00 00 00 00 00 00 00 00 00 00 00
                                 00154364fac0 00 00 00 00 00 00 00 00 00 00 00 00 00 00 00 00
                                 00154364fad0 00 00 00 00 00 00 00 00 00 00 00 00 00 00 00 00
                                 00154364fae0 00 00 00 00 00 00 00 00 00 00 00 00 00 00 00 00
                                 00154364faf0 00 00 00 00 00 00 00 00 00 00 00 00 00 00 00 00
Threads[05]:
    Thread ID:                   0000000000000356
    Thread Name:                 Thread_0x000000591F964E5C
    Stack Region:                0000004ebc2c6000-0000004ebc2c9000
    Registers:
        X[00]:                   0000000005f5e100
        X[01]:                   0000000000000000
        X[02]:                   0000000000000000
        X[03]:                   0000000000000000
        X[04]:                   0000000000000000
        X[05]:                   0000000000000000
        X[06]:                   0000000000000000
        X[07]:                   0000000000000000
        X[08]:                   0000000000000000
        X[09]:                   0000000000000000
        X[10]:                   0000000000000000
        X[11]:                   0000000000000000
        X[12]:                   0000000000000000
        X[13]:                   0000000000000000
        X[14]:                   0000000000000000
        X[15]:                   0000000000000000
        X[16]:                   0000000000000000
        X[17]:                   0000000000000000
        X[18]:                   0000000000000000
        X[19]:                   0000000000000000
        X[20]:                   0000000000000000
        X[21]:                   0000000000000000
        X[22]:                   0000000000000000
        X[23]:                   0000000000000000
        X[24]:                   0000000000000000
        X[25]:                   0000000000000000
        X[26]:                   0000000000000000
        X[27]:                   0000000000000000
        X[28]:                   0000000000000000
        FP:                      0000004ebc2c8fb0
        LR:                      000000591f964ee4 (Skyline + 0x4ee4)
        SP:                      0000004ebc2c8f40
        PC:                      000000591fd0785c (nnSdk + 0x38985c)
    Stack Trace:
        ReturnAddress[00]:       000000591fcb6984 (nnSdk + 0x338984)
        ReturnAddress[01]:       0000000000000000
    Stack Dump:                               00 01 02 03 04 05 06 07 08 09 0a 0b 0c 0d 0e 0f
                                 004ebc2c8f00 b0 8f 2c bc 4e 00 00 00 50 00 2f c0 24 00 00 00
                                 004ebc2c8f10 d0 4e 96 1f 59 00 00 00 00 00 72 c0 24 00 00 00
                                 004ebc2c8f20 00 00 00 00 00 00 00 00 00 e1 f5 05 00 00 00 00
                                 004ebc2c8f30 b0 8f 2c bc 4e 00 00 00 00 e1 f5 05 00 00 00 00
                                 004ebc2c8f40 b8 24 cb 1f 59 00 00 00 c0 01 d5 c0 24 00 00 00
                                 004ebc2c8f50 00 00 00 00 00 00 00 00 00 00 72 c0 24 00 00 00
                                 004ebc2c8f60 00 00 00 00 00 00 00 00 78 8f 2c bc 4e 00 00 00
                                 004ebc2c8f70 09 00 00 00 00 00 00 00 54 63 70 4c 6f 67 67 65
                                 004ebc2c8f80 72 00 2c bc 4e 00 00 00 00 00 72 c0 24 00 00 00
                                 004ebc2c8f90 00 00 00 00 00 00 00 00 00 00 00 00 00 00 00 00
                                 004ebc2c8fa0 00 00 00 00 00 00 00 00 c0 01 d5 c0 24 00 00 00
                                 004ebc2c8fb0 d0 8f 2c bc 4e 00 00 00 84 69 cb 1f 59 00 00 00
                                 004ebc2c8fc0 00 00 00 00 00 00 00 00 00 00 00 00 00 00 00 00
                                 004ebc2c8fd0 00 00 00 00 00 00 00 00 00 00 00 00 00 00 00 00
                                 004ebc2c8fe0 50 24 cb 1f 59 00 00 00 00 00 00 00 00 00 00 00
                                 004ebc2c8ff0 00 00 00 00 00 00 00 00 00 00 00 00 00 00 00 00
    TLS Address:                 000000154364fc00
    TLS Dump:                                 00 01 02 03 04 05 06 07 08 09 0a 0b 0c 0d 0e 0f
                                 00154364fc00 00 00 00 00 0e 08 e0 03 00 00 00 00 00 00 00 00
                                 00154364fc10 00 00 00 00 00 00 00 00 00 00 00 00 00 00 00 00
                                 00154364fc20 53 46 43 4f 00 00 00 00 00 00 00 00 91 ab e3 ac
                                 00154364fc30 ff ff ff ff 6b 00 00 00 00 00 00 00 00 00 00 00
                                 00154364fc40 00 00 00 00 00 00 00 00 00 00 00 00 00 00 00 00
                                 00154364fc50 00 00 00 00 00 00 00 00 00 00 00 00 00 00 00 00
                                 00154364fc60 00 00 00 00 00 00 00 00 00 00 00 00 00 00 00 00
                                 00154364fc70 00 00 00 00 00 00 00 00 00 00 00 00 00 00 00 00
                                 00154364fc80 00 00 00 00 00 00 00 00 00 00 00 00 00 00 00 00
                                 00154364fc90 00 00 00 00 00 00 00 00 00 00 00 00 00 00 00 00
                                 00154364fca0 00 00 00 00 00 00 00 00 00 00 00 00 00 00 00 00
                                 00154364fcb0 00 00 00 00 00 00 00 00 00 00 00 00 00 00 00 00
                                 00154364fcc0 00 00 00 00 00 00 00 00 00 00 00 00 00 00 00 00
                                 00154364fcd0 00 00 00 00 00 00 00 00 00 00 00 00 00 00 00 00
                                 00154364fce0 00 00 00 00 00 00 00 00 00 00 00 00 00 00 00 00
                                 00154364fcf0 00 00 00 00 00 00 00 00 00 00 00 00 00 00 00 00
