[    10.328] grc IPC interceptor: off
[    10.339] applet-mitm M80: up (grc IPC interceptor off)
[    10.411] ARMED FLAGS: vic=1 exec=0 dbg=0 dump=0 usb=0 bench=0 nvenc=0 jpg=0 sweep=0 mtx=0 stream=0 grc=0 grcscan=0 clk=0 jpgdec=0 nvgrc=1 wait=60
[    10.418] arm file (sdmc:/applet-mitm.armed): vic=ARMED exec=PhaseA-noop-cmdbuf
[    10.423] ---- physical memory pools (svcGetSystemInfo) ----
[    10.427]    pool 0 Application  total= 3363840 KB  used=       0 KB  free=  3363840 KB   rc=0/0
[    10.431]    pool 1 Applet       total=  512000 KB  used=    3332 KB  free=   508668 KB   rc=0/0
[    10.435]    pool 2 System       total=  237728 KB  used=  221704 KB  free=    16024 KB   rc=0/0
[    10.445]    pool 3 SystemUnsafe total=   45184 KB  used=   43180 KB  free=     2004 KB   rc=0/0
[    10.452]    THIS PROCESS (pool_partition 1 = Applet, at boot): total=511936 KB used=3268 KB free=508668 KB
[    10.459]    for scale: one 1080p frame = 7913 KB, one block-row strip = 960 KB
[    10.467]    usb: not armed (add "usb" to the arm file)
[    10.474] probe fires at t=60 s; frame dump to SD: off
[    10.482] debug-capture route: off (add "dbg" to the arm file)   pmdmntInitialize rc=0x0
[    10.510] -> main:heartbeat_started
[    10.521] VIC worker started (execute=PhaseA-noop-cmdbuf)
[    10.538] registered mitm server for vi:u
[    10.565] -> main:LoopProcess
[    13.519] -> hb:1 sess=0 getdisp=0 relay=0 txn=0 vic=waiting
[    16.582] -> hb:2 sess=0 getdisp=0 relay=0 txn=0 vic=waiting
[    20.091] -> hb:3 sess=0 getdisp=0 relay=0 txn=0 vic=waiting
[    23.155] -> hb:4 sess=0 getdisp=0 relay=0 txn=0 vic=waiting
[    26.201] -> hb:5 sess=0 getdisp=0 relay=0 txn=0 vic=waiting
[    29.237] -> hb:6 sess=0 getdisp=0 relay=0 txn=0 vic=waiting
[    30.959] OnNeedsToAccept port=0 program=0100152000022000
[    30.968]   AcceptMitmImpl rc=0x0
[    30.995] -> GetDisplayService:enter
[    31.002]    program=0100152000022000 mode=0
[    31.027] -> GetDisplayService:done
[    31.052] -> GetRelayService:enter
[    31.077] -> GetRelayService:wrapped
[    31.101] -> indirect:probe
[    31.108]    2460 RequiredMemoryInfo(1280x720) rc=0x0 -> size=3801088 align=4096
[    31.119]    102 GetManagerDisplayService rc=0xa72 -> denied on a vi:u session
[    31.168] -> indirect:probe_done
[    31.193] -> OpenDisplay:enter
[    31.200]    OpenDisplay "Default" -> display_id=17
[    31.276] *** binder txn #1  program=0100152000022000  session=20  code=10(connect) x1  flags=0x0  in=108 out=4096
[    31.310] -> binder:first_txn
[    31.329] *** binder txn #2  program=0100152000022000  session=20  code=9(query) x1  flags=0x0  in=100 out=4096
[    31.337] *** binder txn #3  program=0100152000022000  session=20  code=14(setPreallocatedBuffer) x1  flags=0x0  in=476 out=4096
[    31.377] -> binder:parse_preallocated
[    31.382] === setPreallocatedBuffer#1 NvGraphicBuffer ===
[    31.388]     nvmap_id=1268  stride=1920 px  total_size=8847360 B  num_planes=1  usage=0xb00  format=0x1
[    31.392]     plane[0] 1920x1080  pitch=7680 B  offset=0x0  size=8847360 B
[    31.395]              fmt=0x100532120(A8B8G8R8)  layout=3(BlockLinear)  kind=0xfe(Generic_16BX2)  block_h_log2=4  scan=0(Progressive)
[    31.399]    captured slot 0: nvmap=1268 1920x1080 stride_px=1920 blk_h_log2=4 off=0x0 pixfmt=33 (slots=1)
[    31.404] *** binder txn #4  program=0100152000022000  session=20  code=14(setPreallocatedBuffer) x2  flags=0x0  in=476 out=4096
[    31.431] -> binder:parse_preallocated
[    31.436] === setPreallocatedBuffer#2 NvGraphicBuffer ===
[    31.447]     nvmap_id=1268  stride=1920 px  total_size=8847360 B  num_planes=1  usage=0xb00  format=0x1
[    31.455]     plane[0] 1920x1080  pitch=7680 B  offset=0x870000  size=8847360 B
[    31.462]              fmt=0x100532120(A8B8G8R8)  layout=3(BlockLinear)  kind=0xfe(Generic_16BX2)  block_h_log2=4  scan=0(Progressive)
[    31.469]    captured slot 1: nvmap=1268 1920x1080 stride_px=1920 blk_h_log2=4 off=0x870000 pixfmt=33 (slots=2)
[    31.476] *** binder txn #5  program=0100152000022000  session=20  code=14(setPreallocatedBuffer) x3  flags=0x0  in=476 out=4096
[    31.499] -> binder:parse_preallocated
[    31.504] === setPreallocatedBuffer#3 NvGraphicBuffer ===
[    31.510]     nvmap_id=1268  stride=1920 px  total_size=8847360 B  num_planes=1  usage=0xb00  format=0x1
[    31.514]     plane[0] 1920x1080  pitch=7680 B  offset=0x10e0000  size=8847360 B
[    31.517]              fmt=0x100532120(A8B8G8R8)  layout=3(BlockLinear)  kind=0xfe(Generic_16BX2)  block_h_log2=4  scan=0(Progressive)
[    31.523]    captured slot 2: nvmap=1268 1920x1080 stride_px=1920 blk_h_log2=4 off=0x10e0000 pixfmt=33 (slots=3)
[    31.527] *** binder txn #6  program=0100152000022000  session=20  code=3(dequeueBuffer) x1  flags=0x0  in=116 out=4096
[    31.531] *** binder txn #7  program=0100152000022000  session=20  code=1(requestBuffer) x1  flags=0x0  in=100 out=4096
[    32.265] -> hb:7 sess=1 getdisp=1 relay=1 txn=7 vic=waiting
[    35.356] -> hb:8 sess=1 getdisp=1 relay=1 txn=7 vic=waiting
[    36.675] *** binder txn #8  program=0100152000022000  session=20  code=7(queueBuffer) x1  flags=0x0  in=192 out=4096
[    36.702] *** binder txn #9  program=0100152000022000  session=20  code=3(dequeueBuffer) x2  flags=0x0  in=116 out=4096
[    36.734] *** binder txn #10  program=0100152000022000  session=20  code=1(requestBuffer) x2  flags=0x0  in=100 out=4096
[    36.746] *** binder txn #11  program=0100152000022000  session=20  code=7(queueBuffer) x2  flags=0x0  in=192 out=4096
[    36.779] *** binder txn #12  program=0100152000022000  session=20  code=3(dequeueBuffer) x3  flags=0x0  in=116 out=4096
[    36.798] *** binder txn #13  program=0100152000022000  session=20  code=1(requestBuffer) x3  flags=0x0  in=100 out=4096
[    36.815] *** binder txn #14  program=0100152000022000  session=20  code=7(queueBuffer) x3  flags=0x0  in=192 out=4096
[    38.423] -> hb:9 sess=1 getdisp=1 relay=1 txn=203 vic=waiting
[    41.461] -> hb:10 sess=1 getdisp=1 relay=1 txn=565 vic=waiting
[    41.721] *** binder txn #600  program=0100152000022000  session=20  code=7(queueBuffer) x296  flags=0x0  in=192 out=4096
[    44.528] -> hb:11 sess=1 getdisp=1 relay=1 txn=931 vic=waiting
[    46.722] *** binder txn #1200  program=0100152000022000  session=20  code=7(queueBuffer) x596  flags=0x0  in=192 out=4096
[    47.583] -> hb:12 sess=1 getdisp=1 relay=1 txn=1299 vic=waiting
[    50.658] -> hb:13 sess=1 getdisp=1 relay=1 txn=1667 vic=waiting
[    51.721] *** binder txn #1800  program=0100152000022000  session=20  code=7(queueBuffer) x896  flags=0x0  in=192 out=4096
[    53.727] -> hb:14 sess=1 getdisp=1 relay=1 txn=2037 vic=waiting
[    56.721] *** binder txn #2400  program=0100152000022000  session=20  code=7(queueBuffer) x1196  flags=0x0  in=192 out=4096
[    56.780] -> hb:15 sess=1 getdisp=1 relay=1 txn=2403 vic=waiting
[    59.812] -> hb:16 sess=1 getdisp=1 relay=1 txn=2769 vic=waiting
[    60.052] -> binder:vic_blit_requested
[    60.075]    queueBuffer txn#2794 parcel=192 slot=0 -> handed to VIC worker
[    60.468] -> vb:0_heap
[    60.481]    [probe, BEFORE heap grab] process total=412984 KB used=3268 KB free=409716 KB
[    60.491]    [before heap grab] pool 0 Application  used= 3311448 KB  free=    52392 KB
[    60.501]    [before heap grab] pool 1 Applet       used=  102284 KB  free=   409716 KB
[    60.511]    [before heap grab] pool 2 System       used=  230292 KB  free=     7436 KB
[    60.523]    [before heap grab] pool 3 SystemUnsafe used=   43180 KB  free=     2004 KB
[    60.549]    SetMemoryHeapSize(24 MB) rc=0x0
[    60.583]    [after heap grab] pool 0 Application  used= 3311448 KB  free=    52392 KB
[    60.615]    [after heap grab] pool 1 Applet       used=  126860 KB  free=   385140 KB
[    60.653]    [after heap grab] pool 2 System       used=  230292 KB  free=     7436 KB
[    60.689]    [after heap grab] pool 3 SystemUnsafe used=   43180 KB  free=     2004 KB
[    60.723]    [probe, AFTER heap grab] total=412984 KB used=27844 KB free=385140 KB | sysresource 0/0 KB
[    60.758]    one 1080p frame is 7913 KB; heap granted 24576 KB; NVENC must fit in what is left
[    60.797]    VIC heap 24 MB at 0x3e4d200000 (capture buffer 21120 KB on heap): cfg=0x3e4d200000 cmd=0x3e4d204000 dst=0x3e4d210000 src=0x3e4d550000
[    60.832]    capture region 21120 KB vs one 1080p frame 8100 KB -> FITS
[    60.863]    stage buf at +8640 KB; full-frame capture clear of staging
[    61.013] -> vb:1_smGetService
[    61.034]    using nvdrv:t rc=0x0
[    61.112] -> vb:2_tmem
[    61.168] -> vb:3_Initialize
[    61.181]    Initialize rc=0x0
[    61.226] -> vb:4a_discover_aruid
[    61.242]    discovered game aruid = 142 (on a throwaway fd, now closed)
[    61.250]    SetAruidWithoutCheck(142) BEFORE any real Open: rc=0x0 err=0
[    61.318] -> vb:4_open_nvmap
[    61.327]    /dev/nvmap rc=0x0 fd=23592960 nverr=0
[    61.336]    perm probe: /dev/nvhost-gpu rc=0x0 nverr=0 -> OPEN (bit0 set: full mask)
[    61.434] -> vb:4b_node_survey
[    61.446]    node /dev/nvhost-display    OPEN (rc=0x0 nverr=0)
[    61.457]    node /dev/nvdisp-ctrl       OPEN (rc=0x0 nverr=0)
[    61.466]    node /dev/nvdisp-disp0      OPEN (rc=0x0 nverr=0)
[    61.476]    node /dev/nvdisp-disp1      OPEN (rc=0x0 nverr=0)
[    61.483]    node /dev/nvdcutil-disp0    OPEN (rc=0x0 nverr=0)
[    61.492]    node /dev/nvcec-ctrl        OPEN (rc=0x0 nverr=0)
[    61.500]    node /dev/nvhost-as-gpu     OPEN (rc=0x0 nverr=0)
[    61.510]    node /dev/nvhost-ctrl-gpu   OPEN (rc=0x0 nverr=0)
[    61.518]    node /dev/nvhost-msenc      OPEN (rc=0x0 nverr=0)
[    61.526]    node /dev/nvhost-nvdec      OPEN (rc=0x0 nverr=0)
[    61.534]    node /dev/nvhost-tsec       denied (rc=0x0 nverr=196611)
[    61.543]    node /dev/nvhost-nvjpg      OPEN (rc=0x0 nverr=0)
[    61.576] -> vb:5_FROM_ID
[    61.584]    FROM_ID(1268) under aruid 142 rc=0x0 nverr=0 -> handle=1268
[    61.614] -> vb:6_alloc_bufs
[    61.625]    SetMemoryAttribute(0x3e4d200000, 0x4000, uncached) rc=0x0
[    61.633]    nvmapOwn ok handle=5816 id=5816 kind=0 size=0x4000
[    61.642]    SetMemoryAttribute(0x3e4d204000, 0x1000, uncached) rc=0x0
[    61.649]    nvmapOwn ok handle=5820 id=5820 kind=0 size=0x1000
[    61.658]    SetMemoryAttribute(0x3e4d210000, 0x340000, uncached) rc=0x0
[    61.666]    nvmapOwn ok handle=5824 id=5824 kind=0 size=0x340000
[    61.675]    SetMemoryAttribute(0x3e4d550000, 0x10000, uncached) rc=0x0
[    61.683]    nvmapOwn ok handle=5828 id=5828 kind=0 size=0x10000
[    61.714] -> vb:7_open_vic
[    61.743]    /dev/nvhost-vic rc=0x0 fd=23592961 nverr=0
[    61.778]    GET_SYNCPOINT rc=0x0 nverr=0 -> syncpt=12
[    61.798] *** binder txn #3000  program=0100152000022000  session=20  code=7(queueBuffer) x1496  flags=0x0  in=192 out=4096
[    61.862] -> vb:8_set_nvmap_fd
[    61.889]    SET_NVMAP_FD(23592960) rc=0x0 nverr=0
[    61.902]    SET_SUBMIT_TIMEOUT rc=0x0 nverr=0
[    61.965] -> vb:job_fill
[    61.990]    [vb:job_fill] REFUSING to submit: cfg=0x0 dst=0x0 src=0x0 - a zero address hangs the VIC and freezes the console
[    62.012]    fill did not complete - engine wedged, skipping the rest
[    62.050] -> vb:ABORTED_after_fill
[    62.062]    game blit still not possible: handle pins to phys=0
[    62.095] -> vb:game_blit_SKIPPED
[    62.123] -> vb:ALL_JOBS_DONE
[    62.151] -> ind:1_open_vi_root
[    62.161]    vi:m GetDisplayService cmd=2 mode=1 rc=0x0
[    62.168]    101 GetSystemDisplayService    rc=0x0 GOT IT
[    62.177]    102 GetManagerDisplayService   rc=0x0 GOT IT
[    62.201] -> ind:3_required_memory
[    62.210]    2460(1280x720) rc=0x0 -> size=3801088 align=4096
[    62.218]    2460(1920x1080) rc=0x0 -> size=8388608 align=4096
[    62.226]    1010 OpenDisplay("Default") rc=0x0 -> display_id=19
[    62.257] -> ind:3b_create_indirect_layer
[    62.265]    2050 shapeA{disp,aruid} rc=0x0 -> handle=20
[    62.275]    consumer handle = 20
[    62.301] -> ind:3c_endpoints
[    62.310]    2052 CreateIndirectProducerEndPoint   {h,aruid} rc=0x0 -> 21
[    62.318]    2054 CreateIndirectConsumerEndPoint   {h,aruid} rc=0x0 -> 22
[    62.347] -> ind:4_image_map
[    62.357]    capture size 1920x1080 needs 8388608 B, buffer is 21626880 B - OK
[    62.368]    2450(1920x1080, handle=20, aruid=142) rc=0x60a -> size=0 stride=0
[    62.377]    2450(1920x1080, handle=0, aruid=142) rc=0x60a -> size=0 stride=0
[    62.384]    2450(1920x1080, handle=1, aruid=142) rc=0x60a -> size=0 stride=0
[    62.392]    2450(1920x1080, handle=2, aruid=142) rc=0x60a -> size=0 stride=0
[    62.399]    2450(1920x1080, handle=142, aruid=142) rc=0x60a -> size=0 stride=0
[    62.432] -> ind:done
[    62.457] -> ng:1
[    62.464]    ---- NVENC: REPLAY OF GRC'S IDR JOB (M80) ----
[    62.477]    nvmapOwn(0x3e4d570000, 0x521000) kept CACHEABLE - caller must flush before submit
[    62.485]    nvmapOwn ok handle=5932 id=5932 kind=0 size=0x521000
[    62.497]    MAP_CMD_BUFFER(nvgrc-arena handle=5932 compr=0 req=0xc0140009) rc=0x0 nverr=0 -> phys=0x2680000
[    62.519]    MAP_CMD_BUFFER(nvgrc-cmd handle=5820 compr=0 req=0xc0140009) rc=0x0 nverr=0 -> phys=0x2bc0000
[    62.527]    nvgrc: syncpt=14 arena=0x2680000 (5252 KB) setup=0x2680000 status=0x2683000 bits=0x26c3000 cur=0x28e3000/0x29c9000 ref out=0x2a41000, 41 words
[    62.578] -> ng:clock
[    62.594]    clk(nvgrc): smGetService(mm:u) rc=0x0
[    62.609]    clk: mm id 5 (libnx: NVENC, nvtegra: NVDEC) req=2  get=460800000 Hz (rc=0x0)  SetAndWait(max) rc=0x0  -> get=979200000 Hz (rc=0x0)
[    62.624]    clk: mm id 6 (libnx: NVDEC) req=3  get=979200000 Hz (rc=0x0)  SetAndWait(max) rc=0x0  -> get=979200000 Hz (rc=0x0)
[    62.648]    clk: mm id 7 (NVJPG) req=4  get=0 Hz (rc=0x0)  SetAndWait(max) rc=0x0  -> get=652800000 Hz (rc=0x0)
[    62.664]    clk-ensure(nvgrc) #1 re-set max     : 2 request(s), SetAndWait rc=0x0 -> clkrst NVENC=979200000 Hz
[    62.714] -> ng:submit
[    62.734]    nvgrc: submit rc=0x0 nverr=0 fence 979/979 REACHED, status WRITTEN (our picture index), after 2111 us | NVENC 979200000 Hz read 192 us before submit returned, 979200000 Hz after
[    62.757]    nvgrc: status error_status=2 ucode_error_status=0 total_bit_count=4128 (516 B) pic_type=3 num_slices=1 avgQP=8 cycles=0 start_pos=0 last_valid=516 intra/inter MBs=3600/0
[    62.767]    nvgrc: bitstream 412/65536 B nonzero, first bytes 00 00 00 01 65 b8 04 04 bf dc fe 0b
[    62.779]    nvgrc: reconstructed luma, worst stripe deviation 0  ->  the engine reported a problem - see status
[    62.810]    sd(sdmc:/nvenc-status.bin): 4096 B written, read back identical, fnv1a32=0f35f63c
[    62.844] -> hb:17 sess=1 getdisp=1 relay=1 txn=3123 vic=ng:1
[    62.857]    sd(sdmc:/nvenc-bits.bin): 65536 B written, read back identical, fnv1a32=e869e7fa
[    62.977]    sd(sdmc:/nvenc-recon-y.bin): 921600 B written, read back identical, fnv1a32=0b3fddc5
[    63.001] -> ng:engine_error
[    63.026] -> vb:released
[    65.940] -> hb:18 sess=1 getdisp=1 relay=1 txn=3451 vic=vb:released
[    67.088] *** binder txn #3600  program=0100152000022000  session=20  code=7(queueBuffer) x1796  flags=0x0  in=192 out=4096
[    69.059] -> hb:19 sess=1 getdisp=1 relay=1 txn=3825 vic=vb:released
[    72.140] -> hb:20 sess=1 getdisp=1 relay=1 txn=4187 vic=vb:released
[    72.222] *** binder txn #4200  program=0100152000022000  session=20  code=7(queueBuffer) x2096  flags=0x0  in=192 out=4096
[    75.213] -> hb:21 sess=1 getdisp=1 relay=1 txn=4553 vic=vb:released
[    77.237] *** binder txn #4800  program=0100152000022000  session=20  code=7(queueBuffer) x2396  flags=0x0  in=192 out=4096
[    78.285] -> hb:22 sess=1 getdisp=1 relay=1 txn=4919 vic=vb:released
[    81.309] -> hb:23 sess=1 getdisp=1 relay=1 txn=5285 vic=vb:released
[    82.259] *** binder txn #5400  program=0100152000022000  session=20  code=7(queueBuffer) x2696  flags=0x0  in=192 out=4096
[    84.333] -> hb:24 sess=1 getdisp=1 relay=1 txn=5647 vic=vb:released
[    87.254] *** binder txn #6000  program=0100152000022000  session=20  code=7(queueBuffer) x2996  flags=0x0  in=192 out=4096
[    87.358] -> hb:25 sess=1 getdisp=1 relay=1 txn=6011 vic=vb:released
[    90.383] -> hb:26 sess=1 getdisp=1 relay=1 txn=6373 vic=vb:released
[    92.254] *** binder txn #6600  program=0100152000022000  session=20  code=7(queueBuffer) x3296  flags=0x0  in=192 out=4096
[    93.409] -> hb:27 sess=1 getdisp=1 relay=1 txn=6737 vic=vb:released
[    96.439] -> hb:28 sess=1 getdisp=1 relay=1 txn=7099 vic=vb:released
[    97.254] *** binder txn #7200  program=0100152000022000  session=20  code=7(queueBuffer) x3596  flags=0x0  in=192 out=4096
[    99.467] -> hb:29 sess=1 getdisp=1 relay=1 txn=7463 vic=vb:released
[   102.255] *** binder txn #7800  program=0100152000022000  session=20  code=7(queueBuffer) x3896  flags=0x0  in=192 out=4096
[   102.495] -> hb:30 sess=1 getdisp=1 relay=1 txn=7827 vic=vb:released
[   105.519] -> hb:31 sess=1 getdisp=1 relay=1 txn=8189 vic=vb:released
[   107.254] *** binder txn #8400  program=0100152000022000  session=20  code=7(queueBuffer) x4196  flags=0x0  in=192 out=4096
[   108.548] -> hb:32 sess=1 getdisp=1 relay=1 txn=8553 vic=vb:released
[   111.575] -> hb:33 sess=1 getdisp=1 relay=1 txn=8916 vic=vb:released
[   112.254] *** binder txn #9000  program=0100152000022000  session=20  code=7(queueBuffer) x4496  flags=0x0  in=192 out=4096
[   114.601] -> hb:34 sess=1 getdisp=1 relay=1 txn=9279 vic=vb:released
[   117.255] *** binder txn #9600  program=0100152000022000  session=20  code=7(queueBuffer) x4796  flags=0x0  in=192 out=4096
[   117.627] -> hb:35 sess=1 getdisp=1 relay=1 txn=9643 vic=vb:released
[   120.652] -> hb:36 sess=1 getdisp=1 relay=1 txn=10005 vic=vb:released
[   122.254] *** binder txn #10200  program=0100152000022000  session=20  code=7(queueBuffer) x5096  flags=0x0  in=192 out=4096
[   123.681] -> hb:37 sess=1 getdisp=1 relay=1 txn=10369 vic=vb:released
[   126.707] -> hb:38 sess=1 getdisp=1 relay=1 txn=10731 vic=vb:released
[   127.254] *** binder txn #10800  program=0100152000022000  session=20  code=7(queueBuffer) x5396  flags=0x0  in=192 out=4096
[   129.734] -> hb:39 sess=1 getdisp=1 relay=1 txn=11095 vic=vb:released
[   132.255] *** binder txn #11400  program=0100152000022000  session=20  code=7(queueBuffer) x5696  flags=0x0  in=192 out=4096
[   132.760] -> hb:40 sess=1 getdisp=1 relay=1 txn=11459 vic=vb:released
[   135.789] -> hb:41 sess=1 getdisp=1 relay=1 txn=11821 vic=vb:released
[   137.254] *** binder txn #12000  program=0100152000022000  session=20  code=7(queueBuffer) x5996  flags=0x0  in=192 out=4096
[   138.816] -> hb:42 sess=1 getdisp=1 relay=1 txn=12185 vic=vb:released
[   141.842] -> hb:43 sess=1 getdisp=1 relay=1 txn=12549 vic=vb:released
[   142.254] *** binder txn #12600  program=0100152000022000  session=20  code=7(queueBuffer) x6296  flags=0x0  in=192 out=4096
[   144.874] -> hb:44 sess=1 getdisp=1 relay=1 txn=12911 vic=vb:released
[   147.257] *** binder txn #13200  program=0100152000022000  session=20  code=7(queueBuffer) x6596  flags=0x0  in=192 out=4096
[   147.914] -> hb:45 sess=1 getdisp=1 relay=1 txn=13273 vic=vb:released
[   150.957] -> hb:46 sess=1 getdisp=1 relay=1 txn=13639 vic=vb:released
[   152.271] *** binder txn #13800  program=0100152000022000  session=20  code=7(queueBuffer) x6896  flags=0x0  in=192 out=4096
[   153.993] -> hb:47 sess=1 getdisp=1 relay=1 txn=14003 vic=vb:released
[   157.027] -> hb:48 sess=1 getdisp=1 relay=1 txn=14367 vic=vb:released
[   157.271] *** binder txn #14400  program=0100152000022000  session=20  code=7(queueBuffer) x7196  flags=0x0  in=192 out=4096
[   160.065] -> hb:49 sess=1 getdisp=1 relay=1 txn=14731 vic=vb:released
[   162.272] *** binder txn #15000  program=0100152000022000  session=20  code=7(queueBuffer) x7496  flags=0x0  in=192 out=4096
[   163.098] -> hb:50 sess=1 getdisp=1 relay=1 txn=15097 vic=vb:released
[   166.129] -> hb:51 sess=1 getdisp=1 relay=1 txn=15461 vic=vb:released
[   167.271] *** binder txn #15600  program=0100152000022000  session=20  code=7(queueBuffer) x7796  flags=0x0  in=192 out=4096
[   169.163] -> hb:52 sess=1 getdisp=1 relay=1 txn=15825 vic=vb:released
[   172.185] -> hb:53 sess=1 getdisp=1 relay=1 txn=16187 vic=vb:released
[   172.271] *** binder txn #16200  program=0100152000022000  session=20  code=7(queueBuffer) x8096  flags=0x0  in=192 out=4096
[   175.215] -> hb:54 sess=1 getdisp=1 relay=1 txn=16551 vic=vb:released
[   177.271] *** binder txn #16800  program=0100152000022000  session=20  code=7(queueBuffer) x8396  flags=0x0  in=192 out=4096
[   178.242] -> hb:55 sess=1 getdisp=1 relay=1 txn=16915 vic=vb:released
[   181.274] -> hb:56 sess=1 getdisp=1 relay=1 txn=17277 vic=vb:released
[   182.271] *** binder txn #17400  program=0100152000022000  session=20  code=7(queueBuffer) x8696  flags=0x0  in=192 out=4096
[   184.301] -> hb:57 sess=1 getdisp=1 relay=1 txn=17641 vic=vb:released
[   187.271] *** binder txn #18000  program=0100152000022000  session=20  code=7(queueBuffer) x8996  flags=0x0  in=192 out=4096
[   187.331] -> hb:58 sess=1 getdisp=1 relay=1 txn=18005 vic=vb:released
[   190.362] -> hb:59 sess=1 getdisp=1 relay=1 txn=18369 vic=vb:released
[   192.271] *** binder txn #18600  program=0100152000022000  session=20  code=7(queueBuffer) x9296  flags=0x0  in=192 out=4096
[   193.394] -> hb:60 sess=1 getdisp=1 relay=1 txn=18731 vic=vb:released
[   196.419] -> hb:61 sess=1 getdisp=1 relay=1 txn=19095 vic=vb:released
[   197.272] *** binder txn #19200  program=0100152000022000  session=20  code=7(queueBuffer) x9596  flags=0x0  in=192 out=4096
[   199.460] -> hb:62 sess=1 getdisp=1 relay=1 txn=19459 vic=vb:released
[   202.271] *** binder txn #19800  program=0100152000022000  session=20  code=7(queueBuffer) x9896  flags=0x0  in=192 out=4096
[   202.509] -> hb:63 sess=1 getdisp=1 relay=1 txn=19827 vic=vb:released
[   205.541] -> hb:64 sess=1 getdisp=1 relay=1 txn=20189 vic=vb:released
[   207.271] *** binder txn #20400  program=0100152000022000  session=20  code=7(queueBuffer) x10196  flags=0x0  in=192 out=4096
[   208.566] -> hb:65 sess=1 getdisp=1 relay=1 txn=20553 vic=vb:released
[   211.600] -> hb:66 sess=1 getdisp=1 relay=1 txn=20917 vic=vb:released
[   212.271] *** binder txn #21000  program=0100152000022000  session=20  code=7(queueBuffer) x10496  flags=0x0  in=192 out=4096
[   214.677] -> hb:67 sess=1 getdisp=1 relay=1 txn=21281 vic=vb:released
[   217.272] *** binder txn #21600  program=0100152000022000  session=20  code=7(queueBuffer) x10796  flags=0x0  in=192 out=4096
[   217.767] -> hb:68 sess=1 getdisp=1 relay=1 txn=21653 vic=vb:released
[   220.884] -> hb:69 sess=1 getdisp=1 relay=1 txn=22023 vic=vb:released
[   222.272] *** binder txn #22200  program=0100152000022000  session=20  code=7(queueBuffer) x11096  flags=0x0  in=192 out=4096
[   223.961] -> hb:70 sess=1 getdisp=1 relay=1 txn=22395 vic=vb:released
[   227.023] -> hb:71 sess=1 getdisp=1 relay=1 txn=22767 vic=vb:released
[   227.271] *** binder txn #22800  program=0100152000022000  session=20  code=7(queueBuffer) x11396  flags=0x0  in=192 out=4096
[   230.051] -> hb:72 sess=1 getdisp=1 relay=1 txn=23131 vic=vb:released
[   232.271] *** binder txn #23400  program=0100152000022000  session=20  code=7(queueBuffer) x11696  flags=0x0  in=192 out=4096
[   233.083] -> hb:73 sess=1 getdisp=1 relay=1 txn=23495 vic=vb:released
[   236.113] -> hb:74 sess=1 getdisp=1 relay=1 txn=23859 vic=vb:released
[   237.272] *** binder txn #24000  program=0100152000022000  session=20  code=7(queueBuffer) x11996  flags=0x0  in=192 out=4096
[   239.146] -> hb:75 sess=1 getdisp=1 relay=1 txn=24223 vic=vb:released
[   242.169] -> hb:76 sess=1 getdisp=1 relay=1 txn=24585 vic=vb:released
[   242.271] *** binder txn #24600  program=0100152000022000  session=20  code=7(queueBuffer) x12296  flags=0x0  in=192 out=4096
[   245.201] -> hb:77 sess=1 getdisp=1 relay=1 txn=24949 vic=vb:released
[   247.271] *** binder txn #25200  program=0100152000022000  session=20  code=7(queueBuffer) x12596  flags=0x0  in=192 out=4096
[   248.228] -> hb:78 sess=1 getdisp=1 relay=1 txn=25313 vic=vb:released
[   251.263] -> hb:79 sess=1 getdisp=1 relay=1 txn=25663 vic=vb:released
[   254.292] -> hb:80 sess=1 getdisp=1 relay=1 txn=25663 vic=vb:released
[   257.321] -> hb:81 sess=1 getdisp=1 relay=1 txn=25663 vic=vb:released
