[    10.334] grc IPC interceptor: off
[    10.341] applet-mitm M90: up (grc IPC interceptor off)
[    10.416] ARMED FLAGS: vic=1 exec=1 dbg=1 dump=0 usb=0 bench=0 nvenc=0 jpg=0 sweep=0 mtx=0 stream=0 grc=0 grcscan=0 clk=0 jpgdec=0 nvgrc=0 csc=0 nvframe=1(120) nvstream=0(3600, qp 20, gop 0) nvp=0(30) live=0 nv1080=1(120) wait=60
[    10.422] arm file (sdmc:/applet-mitm.armed): vic=ARMED exec=PhaseB-full-blit
[    10.432] ---- physical memory pools (svcGetSystemInfo) ----
[    10.435]    pool 0 Application  total= 3363840 KB  used=       0 KB  free=  3363840 KB   rc=0/0
[    10.443]    pool 1 Applet       total=  512000 KB  used=    3460 KB  free=   508540 KB   rc=0/0
[    10.453]    pool 2 System       total=  237728 KB  used=  221704 KB  free=    16024 KB   rc=0/0
[    10.460]    pool 3 SystemUnsafe total=   45184 KB  used=   43180 KB  free=     2004 KB   rc=0/0
[    10.466]    THIS PROCESS (pool_partition 1 = Applet, at boot): total=511936 KB used=3396 KB free=508540 KB
[    10.470]    for scale: one 1080p frame = 7913 KB, one block-row strip = 960 KB
[    10.474]    usb: not armed (add "usb" to the arm file)
[    10.478] probe fires at t=60 s; frame dump to SD: off
[    10.482] debug-capture route: ARMED   pmdmntInitialize rc=0x0
[    10.502] -> main:heartbeat_started
[    10.506] VIC worker started (execute=PhaseB-full-blit)
[    10.512] registered mitm server for vi:u
[    10.532] -> main:LoopProcess
[    13.510] -> hb:1 sess=0 getdisp=0 relay=0 txn=0 vic=waiting
[    16.554] -> hb:2 sess=0 getdisp=0 relay=0 txn=0 vic=waiting
[    20.188] -> hb:3 sess=0 getdisp=0 relay=0 txn=0 vic=waiting
[    23.254] -> hb:4 sess=0 getdisp=0 relay=0 txn=0 vic=waiting
[    27.566] -> hb:5 sess=0 getdisp=0 relay=0 txn=0 vic=waiting
[    30.583] -> hb:6 sess=0 getdisp=0 relay=0 txn=0 vic=waiting
[    33.597] -> hb:7 sess=0 getdisp=0 relay=0 txn=0 vic=waiting
[    36.615] -> hb:8 sess=0 getdisp=0 relay=0 txn=0 vic=waiting
[    39.637] -> hb:9 sess=0 getdisp=0 relay=0 txn=0 vic=waiting
[    42.685] -> hb:10 sess=0 getdisp=0 relay=0 txn=0 vic=waiting
[    45.735] -> hb:11 sess=0 getdisp=0 relay=0 txn=0 vic=waiting
[    48.770] OnNeedsToAccept port=0 program=0100152000022000
[    48.777] -> hb:12 sess=0 getdisp=0 relay=0 txn=0 vic=waiting
[    48.781]   AcceptMitmImpl rc=0x0
[    48.799] -> GetDisplayService:enter
[    48.803]    program=0100152000022000 mode=0
[    48.821] -> GetDisplayService:done
[    48.845] -> GetRelayService:enter
[    48.872] -> GetRelayService:wrapped
[    48.894] -> indirect:probe
[    48.902]    2460 RequiredMemoryInfo(1280x720) rc=0x0 -> size=3801088 align=4096
[    48.907]    102 GetManagerDisplayService rc=0xa72 -> denied on a vi:u session
[    48.927] -> indirect:probe_done
[    48.951] -> OpenDisplay:enter
[    48.956]    OpenDisplay "Default" -> display_id=19
[    49.031] *** binder txn #1  program=0100152000022000  session=20  code=10(connect) x1  flags=0x0  in=108 out=4096
[    49.052] -> binder:first_txn
[    49.069] *** binder txn #2  program=0100152000022000  session=20  code=9(query) x1  flags=0x0  in=100 out=4096
[    49.076] *** binder txn #3  program=0100152000022000  session=20  code=14(setPreallocatedBuffer) x1  flags=0x0  in=476 out=4096
[    49.095] -> binder:parse_preallocated
[    49.102] === setPreallocatedBuffer#1 slot 0 NvGraphicBuffer ===
[    49.110]     nvmap_id=1604  stride=1920 px  total_size=8847360 B  num_planes=1  usage=0xb00  format=0x1
[    49.117]     plane[0] 1920x1080  pitch=7680 B  offset=0x0  size=8847360 B
[    49.124]              fmt=0x100532120(A8B8G8R8)  layout=3(BlockLinear)  kind=0xfe(Generic_16BX2)  block_h_log2=4  scan=0(Progressive)
[    49.131]    captured slot 0: nvmap=1604 1920x1080 stride_px=1920 blk_h_log2=4 off=0x0 pixfmt=33 (slots=1)
[    49.139] *** binder txn #4  program=0100152000022000  session=20  code=14(setPreallocatedBuffer) x2  flags=0x0  in=476 out=4096
[    49.181] -> binder:parse_preallocated
[    49.189] === setPreallocatedBuffer#2 slot 1 NvGraphicBuffer ===
[    49.196]     nvmap_id=1604  stride=1920 px  total_size=8847360 B  num_planes=1  usage=0xb00  format=0x1
[    49.204]     plane[0] 1920x1080  pitch=7680 B  offset=0x870000  size=8847360 B
[    49.211]              fmt=0x100532120(A8B8G8R8)  layout=3(BlockLinear)  kind=0xfe(Generic_16BX2)  block_h_log2=4  scan=0(Progressive)
[    49.218]    captured slot 1: nvmap=1604 1920x1080 stride_px=1920 blk_h_log2=4 off=0x870000 pixfmt=33 (slots=2)
[    49.226] *** binder txn #5  program=0100152000022000  session=20  code=14(setPreallocatedBuffer) x3  flags=0x0  in=476 out=4096
[    49.252] -> binder:parse_preallocated
[    49.260] === setPreallocatedBuffer#3 slot 2 NvGraphicBuffer ===
[    49.267]     nvmap_id=1604  stride=1920 px  total_size=8847360 B  num_planes=1  usage=0xb00  format=0x1
[    49.274]     plane[0] 1920x1080  pitch=7680 B  offset=0x10e0000  size=8847360 B
[    49.281]              fmt=0x100532120(A8B8G8R8)  layout=3(BlockLinear)  kind=0xfe(Generic_16BX2)  block_h_log2=4  scan=0(Progressive)
[    49.289]    captured slot 2: nvmap=1604 1920x1080 stride_px=1920 blk_h_log2=4 off=0x10e0000 pixfmt=33 (slots=3)
[    49.298] *** binder txn #6  program=0100152000022000  session=20  code=3(dequeueBuffer) x1  flags=0x0  in=116 out=4096
[    49.305] *** binder txn #7  program=0100152000022000  session=20  code=1(requestBuffer) x1  flags=0x0  in=100 out=4096
[    51.802] -> hb:13 sess=1 getdisp=1 relay=1 txn=7 vic=waiting
[    54.162] *** binder txn #8  program=0100152000022000  session=20  code=7(queueBuffer) x1  flags=0x0  in=192 out=4096
[    54.207] *** binder txn #9  program=0100152000022000  session=20  code=3(dequeueBuffer) x2  flags=0x0  in=116 out=4096
[    54.238] *** binder txn #10  program=0100152000022000  session=20  code=1(requestBuffer) x2  flags=0x0  in=100 out=4096
[    54.257] *** binder txn #11  program=0100152000022000  session=20  code=7(queueBuffer) x2  flags=0x0  in=192 out=4096
[    54.289] *** binder txn #12  program=0100152000022000  session=20  code=3(dequeueBuffer) x3  flags=0x0  in=116 out=4096
[    54.312] *** binder txn #13  program=0100152000022000  session=20  code=1(requestBuffer) x3  flags=0x0  in=100 out=4096
[    54.348] *** binder txn #14  program=0100152000022000  session=20  code=7(queueBuffer) x3  flags=0x0  in=192 out=4096
[    55.228] -> hb:14 sess=1 getdisp=1 relay=1 txn=68 vic=waiting
[    58.297] -> hb:15 sess=1 getdisp=1 relay=1 txn=483 vic=waiting
[    59.244] *** binder txn #600  program=0100152000022000  session=20  code=7(queueBuffer) x296  flags=0x0  in=192 out=4096
[    60.047] -> binder:vic_blit_requested
[    60.055]    queueBuffer txn#692 parcel=192 slot=2 -> handed to VIC worker
[    60.253] -> vb:0_heap
[    60.264]    [probe, BEFORE heap grab] process total=412984 KB used=3396 KB free=409588 KB
[    60.271]    [before heap grab] pool 0 Application  used= 3311448 KB  free=    52392 KB
[    60.279]    [before heap grab] pool 1 Applet       used=  102412 KB  free=   409588 KB
[    60.284]    [before heap grab] pool 2 System       used=  230292 KB  free=     7436 KB
[    60.288]    [before heap grab] pool 3 SystemUnsafe used=   43180 KB  free=     2004 KB
[    60.306]    SetMemoryHeapSize(32 MB) rc=0x0
[    60.313]    [after heap grab] pool 0 Application  used= 3311448 KB  free=    52392 KB
[    60.318]    [after heap grab] pool 1 Applet       used=  135180 KB  free=   376820 KB
[    60.322]    [after heap grab] pool 2 System       used=  230292 KB  free=     7436 KB
[    60.329]    [after heap grab] pool 3 SystemUnsafe used=   43180 KB  free=     2004 KB
[    60.337]    [probe, AFTER heap grab] total=412984 KB used=36164 KB free=376820 KB | sysresource 0/0 KB
[    60.345]    one 1080p frame is 7913 KB; heap granted 32768 KB; NVENC must fit in what is left
[    60.358]    VIC heap 32 MB at 0x347ca00000 (capture buffer 29312 KB on heap): cfg=0x347ca00000 cmd=0x347ca04000 dst=0x347ca10000 src=0x347cd50000
[    60.368]    capture region 29312 KB vs one 1080p frame 8100 KB -> FITS
[    60.372]    stage buf at +8640 KB; full-frame capture clear of staging
[    60.398] -> vb:1_smGetService
[    60.407]    using nvdrv:t rc=0x0
[    60.470] -> vb:2_tmem
[    60.580] -> vb:3_Initialize
[    60.588]    Initialize rc=0x0
[    60.618] -> vb:4a_discover_aruid
[    60.633]    discovered game aruid = 143 (on a throwaway fd, now closed)
[    60.641]    SetAruidWithoutCheck(143) BEFORE any real Open: rc=0x0 err=0
[    60.679] -> vb:4_open_nvmap
[    60.687]    /dev/nvmap rc=0x0 fd=24444928 nverr=0
[    60.699]    perm probe: /dev/nvhost-gpu rc=0x0 nverr=0 -> OPEN (bit0 set: full mask)
[    60.731] -> vb:4b_node_survey
[    60.739]    node /dev/nvhost-display    OPEN (rc=0x0 nverr=0)
[    60.749]    node /dev/nvdisp-ctrl       OPEN (rc=0x0 nverr=0)
[    60.790]    node /dev/nvdisp-disp0      OPEN (rc=0x0 nverr=0)
[    60.832]    node /dev/nvdisp-disp1      OPEN (rc=0x0 nverr=0)
[    60.865]    node /dev/nvdcutil-disp0    OPEN (rc=0x0 nverr=0)
[    60.898]    node /dev/nvcec-ctrl        OPEN (rc=0x0 nverr=0)
[    60.930]    node /dev/nvhost-as-gpu     OPEN (rc=0x0 nverr=0)
[    60.965]    node /dev/nvhost-ctrl-gpu   OPEN (rc=0x0 nverr=0)
[    60.998]    node /dev/nvhost-msenc      OPEN (rc=0x0 nverr=0)
[    61.033]    node /dev/nvhost-nvdec      OPEN (rc=0x0 nverr=0)
[    61.066]    node /dev/nvhost-tsec       denied (rc=0x0 nverr=196611)
[    61.099]    node /dev/nvhost-nvjpg      OPEN (rc=0x0 nverr=0)
[    61.214] -> vb:5_FROM_ID
[    61.249]    FROM_ID(1604) under aruid 143 rc=0x0 nverr=0 -> handle=1604
[    61.317] -> vb:6_alloc_bufs
[    61.388]    SetMemoryAttribute(0x347ca00000, 0x4000, uncached) rc=0x0
[    61.419] -> hb:16 sess=1 getdisp=1 relay=1 txn=845 vic=vb:6_alloc_bufs
[    61.451]    nvmapOwn ok handle=4572 id=4572 kind=0 size=0x4000
[    61.483]    SetMemoryAttribute(0x347ca04000, 0x1000, uncached) rc=0x0
[    61.515]    nvmapOwn ok handle=4640 id=4640 kind=0 size=0x1000
[    61.553]    SetMemoryAttribute(0x347ca10000, 0x340000, uncached) rc=0x0
[    61.574]    nvmapOwn ok handle=4676 id=4676 kind=0 size=0x340000
[    61.603]    SetMemoryAttribute(0x347cd50000, 0x10000, uncached) rc=0x0
[    61.634]    nvmapOwn ok handle=4704 id=4704 kind=0 size=0x10000
[    61.715] -> vb:7_open_vic
[    61.752]    /dev/nvhost-vic rc=0x0 fd=24444929 nverr=0
[    61.783]    GET_SYNCPOINT rc=0x0 nverr=0 -> syncpt=12
[    61.872] -> vb:8_set_nvmap_fd
[    61.905]    SET_NVMAP_FD(24444928) rc=0x0 nverr=0
[    61.939]    SET_SUBMIT_TIMEOUT rc=0x0 nverr=0
[    62.023] -> vb:8a_map_cfg
[    62.055]    MAP_CMD_BUFFER(cfg handle=4572 compr=0 req=0xc0140009) rc=0x0 nverr=0 -> phys=0x1960000
[    62.125] -> vb:8b_map_dst
[    62.157]    MAP_CMD_BUFFER(dst handle=4676 compr=0 req=0xc0140009) rc=0x0 nverr=0 -> phys=0x1980000
[    62.213] -> vb:8c_map_src
[    62.238]    MAP_CMD_BUFFER(src(game) handle=1604 compr=0 req=0xc0140009) rc=0x0 nverr=0 -> phys=0x0
[    62.265]    MAP_CMD_BUFFER(src(game) handle=1604 compr=1 req=0xc0140009) rc=0x0 nverr=0 -> phys=0x0
[    62.283]    MAP_CMD_BUFFER(src(game) handle=1604 compr=0 req=0xc0140025) rc=0x0 nverr=0 -> phys=0x0
[    62.335] -> vb:8d_map_self
[    62.347]    MAP_CMD_BUFFER(src(ours) handle=4704 compr=0 req=0xc0140009) rc=0x0 nverr=0 -> phys=0x1cc0000
[    62.372]    pinned: cfg=0x1960000 dst=0x1980000 self=0x1cc0000 game_src=0x0 (+slot off 0x10e0000)
[    62.385]    self-src pattern: row0[0..8]=ff 00 00 11 ff 04 00 11
[    62.446] -> vb:job_fill
[    62.468]    [vb:job_fill] setcl=1 words=18 cmd[0..3]=00001740 10100002 00000080 00000001
[    62.486]    [vb:job_fill] req=0xc0340001 sz=52 nr=0 rc=0x0 nverr=0 -> fence=888
[    62.518]    [vb:job_fill] resolved addrs: cfg=0x00019600 dst=0x00019800 src=0x00000000 (<<8: 0x1960000 0x1980000 0x0)
[    62.547]    [vb:job_fill] WAIT nverr=0  syncpt=894 (want >= 888)  OP_DONE fired
[    62.572]    [vb:job_fill] dst sum32=11022336 changed=16384/65536  *** ENGINE WROTE OUR MEMORY ***
[    62.581]    [vb:job_fill] dst[0..32]: ff c0 80 40 ff c0 80 40 ff c0 80 40 ff c0 80 40 ff c0 80 40 ff c0 80 40 ff c0 80 40 ff c0 80 40 
[    62.602]    [vb:job_fill] row 32: ff c0 80 40 ff c0 80 40
[    62.656] -> vb:job_blit_self
[    62.682]    [vb:job_blit_self] setcl=1 words=21 cmd[0..3]=00001740 10100002 00000080 00000001
[    62.705]    [vb:job_blit_self] req=0xc0340001 sz=52 nr=0 rc=0x0 nverr=0 -> fence=903
[    62.724]    [vb:job_blit_self] resolved addrs: cfg=0x00019600 dst=0x00019800 src=0x0001cc00 (<<8: 0x1960000 0x1980000 0x1cc0000)
[    62.752]    [vb:job_blit_self] WAIT nverr=0  syncpt=907 (want >= 903)  OP_DONE fired
[    62.771]    [vb:job_blit_self] dst sum32=10551296 changed=16384/65536  *** ENGINE WROTE OUR MEMORY ***
[    62.789]    [vb:job_blit_self] dst[0..32]: ff 00 00 11 ff 04 00 11 ff 08 00 11 ff 0c 00 11 ff 10 00 11 ff 14 00 11 ff 18 00 11 ff 1c 00 11 
[    62.807]    [vb:job_blit_self] row 32: ff 00 80 11 ff 04 80 11
[    62.819]    game blit still not possible: handle pins to phys=0
[    62.877] -> vb:game_blit_SKIPPED
[    62.931] -> vb:ALL_JOBS_DONE
[    62.971] -> ind:1_open_vi_root
[    62.991]    vi:m GetDisplayService cmd=2 mode=1 rc=0x0
[    63.005]    101 GetSystemDisplayService    rc=0x0 GOT IT
[    63.030]    102 GetManagerDisplayService   rc=0x0 GOT IT
[    63.071] -> ind:3_required_memory
[    63.081]    2460(1280x720) rc=0x0 -> size=3801088 align=4096
[    63.105]    2460(1920x1080) rc=0x0 -> size=8388608 align=4096
[    63.115]    1010 OpenDisplay("Default") rc=0x0 -> display_id=21
[    63.179] -> ind:3b_create_indirect_layer
[    63.201]    2050 shapeA{disp,aruid} rc=0x0 -> handle=22
[    63.221]    consumer handle = 22
[    63.256] -> ind:3c_endpoints
[    63.268]    2052 CreateIndirectProducerEndPoint   {h,aruid} rc=0x0 -> 23
[    63.286]    2054 CreateIndirectConsumerEndPoint   {h,aruid} rc=0x0 -> 24
[    63.334] -> ind:4_image_map
[    63.346]    capture size 1920x1080 needs 8388608 B, buffer is 30015488 B - OK
[    63.372]    2450(1920x1080, handle=22, aruid=143) rc=0x60a -> size=0 stride=0
[    63.389]    2450(1920x1080, handle=0, aruid=143) rc=0x60a -> size=0 stride=0
[    63.403]    2450(1920x1080, handle=1, aruid=143) rc=0x60a -> size=0 stride=0
[    63.421]    2450(1920x1080, handle=2, aruid=143) rc=0x60a -> size=0 stride=0
[    63.433]    2450(1920x1080, handle=143, aruid=143) rc=0x60a -> size=0 stride=0
[    63.474] -> ind:done
[    63.530] -> dbg:1_find_pid
[    63.555]    pm:dmnt GetApplicationProcessId rc=0x0 -> pid=143
[    63.583]    debug pump: running on core 3; helpers on cores 0/1/2: yes/yes/yes
[    63.629] -> nf:1
[    63.645]    ---- NVENC ON REAL GAME FRAMES (M83): game slot -> VIC BT.709 NV12, 16-row block-linear -> IDR ----
[    63.654]    nvmapOwn(0x347cd60000, 0x870000) kept CACHEABLE - caller must flush before submit
[    63.663]    nvmapOwn ok handle=5004 id=5004 kind=0 size=0x870000
[    63.673]    MAP_CMD_BUFFER(nvf-slot handle=5004 compr=0 req=0xc0140009) rc=0x0 nverr=0 -> phys=0x1d00000
[    63.686]    nvmapOwn(0x347dc30000, 0x4e4000) kept CACHEABLE - caller must flush before submit
[    63.698]    nvmapOwn ok handle=5008 id=5008 kind=0 size=0x4e4000
[    63.706]    MAP_CMD_BUFFER(nvf-arena(vic) handle=5008 compr=0 req=0xc0140009) rc=0x0 nverr=0 -> phys=0x2580000
[    63.716]    MAP_CMD_BUFFER(nvf-arena(enc) handle=5008 compr=0 req=0xc0140009) rc=0x0 nverr=0 -> phys=0x2580000
[    63.724]    nvframe: arena 5008 KB at +15168 KB; VIC sees it at 0x2580000, NVENC at 0x2580000 (syncpt 14); picture 0x27b0000/0x2891000, bits 0x2590000
[    63.733]    clk(nvframe): smGetService(mm:u) rc=0x0
[    63.768]    clk: mm id 5 (libnx: NVENC, nvtegra: NVDEC) req=1  get=0 Hz (rc=0x0)  SetAndWait(max) rc=0x0  -> get=979200000 Hz (rc=0x0)
[    63.780]    clk: mm id 6 (libnx: NVDEC) req=2  get=979200000 Hz (rc=0x0)  SetAndWait(max) rc=0x0  -> get=979200000 Hz (rc=0x0)
[    63.788]    clk: mm id 7 (NVJPG) req=3  get=0 Hz (rc=0x0)  SetAndWait(max) rc=0x0  -> get=652800000 Hz (rc=0x0)
[    63.803]    clk-ensure(nvframe) #1 re-set max     : 2 request(s), SetAndWait rc=0x0 -> clkrst NVENC=979200000 Hz
[    63.831]    nvframe: content 1920x1080 (docked) (140 samples outside the top-left 1280x720 not all zero) -> the VIC scales it to 1280x720
[    63.864] -> nf:vic0
[    63.872]    [nf:vic0] setcl=1 words=24 cmd[0..3]=00001740 10100002 00000080 00000001
[    63.883]    [nf:vic0] req=0xc0340001 sz=52 nr=0 rc=0x0 nverr=0 -> fence=974
[    63.899]    [nf:vic0] resolved addrs: cfg=0x00019600 dst=0x00027b00 src=0x00028910 (<<8: 0x1960000 0x27b0000 0x2891000)
[    63.906]    [nf:vic0] WAIT nverr=0  syncpt=976 (want >= 974)  OP_DONE fired
[    63.913]    [nf:vic0] output went to a caller-owned buffer at 0x27b0000 - the caller checks and saves it
[    63.920]    nvframe[0]: slot read 10463 us, VIC -> BT.709 NV12 (16-row blocks) done in 80099 us incl. logging (NVENC 979200000 Hz)
[    63.928]    nvframe[0] QP 16: 345635 B in 4666 us (status: error 2 ucode 0 pic_type 3 avgQP 16 intra 3600)
[    63.948]    sd(sdmc:/nvframe-q16-status.bin): 4096 B written, read back identical, fnv1a32=55c94f9c
[    64.033]    sd(sdmc:/nvframe-q16-bits.bin): 345651 B written, read back identical, fnv1a32=994790d0
[    64.045]    nvframe[0] QP 20: 255839 B in 5113 us (status: error 2 ucode 0 pic_type 3 avgQP 20 intra 3600)
[    64.074]    sd(sdmc:/nvframe-q20-status.bin): 4096 B written, read back identical, fnv1a32=7755700f
[    64.138]    sd(sdmc:/nvframe-q20-bits.bin): 255855 B written, read back identical, fnv1a32=db61ae6c
[    64.149]    nvframe[0] QP 24: 184165 B in 3583 us (status: error 2 ucode 0 pic_type 3 avgQP 24 intra 3600)
[    64.172]    sd(sdmc:/nvframe-q24-status.bin): 4096 B written, read back identical, fnv1a32=0df09037
[    64.218]    sd(sdmc:/nvframe-q24-bits.bin): 184181 B written, read back identical, fnv1a32=885eebdf
[    64.280] *** binder txn #1200  program=0100152000022000  session=20  code=7(queueBuffer) x596  flags=0x0  in=192 out=4096
[    64.370]    sd(sdmc:/nvframe-0-y.bin): 921600 B written, read back identical, fnv1a32=613f9da6
[    64.506] -> hb:17 sess=1 getdisp=1 relay=1 txn=1217 vic=nf:vic0
[    64.536]    sd(sdmc:/nvframe-0-uv.bin): 471040 B written, read back identical, fnv1a32=bb422140
[    67.388]    nvframe: 120 of 120 frames at QP 20 in 2816 ms -> 42.6 fps (game presented 60.0 fps), 101 distinct, 0 with errors
[    67.421]    nvframe: per frame avg/max us: read+flush 13526/118713  VIC 1960/9963  NVENC 4589/12377  work 20076/131788  (60 fps budget 16667); waiting for presents avg 3389
[    67.473]    nvframe: IDR size avg 199441 B (min 211, max 270970) -> 95 Mbps at 60 fps; NVENC 979200000 Hz after
[    67.521]    nvframe: debug events 7 (+7 threads, -0 threads, 0 other) in 7 wakes; continued 7 (cores 0-3: 7/0/0/0), busy 0, failed 0 (last rc 0x0); longest hold 1839 us
[    67.739] -> hb:18 sess=1 getdisp=1 relay=1 txn=1588 vic=nf:vic
[    67.788]    sd(sdmc:/nvframe-last-status.bin): 4096 B written, read back identical, fnv1a32=43fa8b8f
[    67.980]    sd(sdmc:/nvframe-last-bits.bin): 39887 B written, read back identical, fnv1a32=ecf4ceed
[    68.224]    sd(sdmc:/nvframe-last-y.bin): 921600 B written, read back identical, fnv1a32=4fad3cec
[    69.294] *** binder txn #1800  program=0100152000022000  session=20  code=7(queueBuffer) x896  flags=0x0  in=192 out=4096
[    69.517]    sd(sdmc:/nvframe-last-uv.bin): 471040 B written, read back identical, fnv1a32=298353ac
[    69.605] -> nf:DONE
[    69.686] -> n1:1
[    69.714]    ---- 1080p NVENC (M90): grc's setups resized to 1920x1080 on real frames; GOP of 10; 120 timed frames ----
[    69.755]    nvmapOwn(0x347cd60000, 0x870000) kept CACHEABLE - caller must flush before submit
[    69.804]    nvmapOwn ok handle=5796 id=5796 kind=0 size=0x870000
[    69.840]    MAP_CMD_BUFFER(nvf-slot handle=5796 compr=0 req=0xc0140009) rc=0x0 nverr=0 -> phys=0x37a0000
[    69.919]    nvmapOwn(0x347dc30000, 0xdb3000) kept CACHEABLE - caller must flush before submit
[    69.949]    nvmapOwn ok handle=5800 id=5800 kind=0 size=0xdb3000
[    69.975]    MAP_CMD_BUFFER(nvf-arena(vic) handle=5800 compr=0 req=0xc0140009) rc=0x0 nverr=0 -> phys=0x4020000
[    70.013]    MAP_CMD_BUFFER(nvf-arena(enc) handle=5800 compr=0 req=0xc0140009) rc=0x0 nverr=0 -> phys=0x4020000
[    70.038]    nv1080: arena 14028 KB at +15168 KB; VIC sees it at 0x4020000, NVENC at 0x4020000 (syncpt 14); picture 0x43d5000/0x45d3000, bits 0x4050000
[    70.091]    clk-ensure(nv1080) #1 re-set max     : 2 request(s), SetAndWait rc=0x0 -> clkrst NVENC=979200000 Hz
[    70.154]    nv1080: content 1920x1080 (docked) (140 samples outside the top-left 1280x720 not all zero) -> the VIC scales it to 1280x720
[    70.186]    nv1080: DOCKED content - the VIC converts the game's 1920x1080 picture 1:1
[    70.358]    sd(sdmc:/nv1080-0-src.bin): 983040 B written, read back identical, fnv1a32=bae2d9d8
[    70.420]    nv1080 rung 720l32    (1280x 720): 233127 B in 3839 us (status: error 2 ucode 0 pic_type 3 avgQP 20 intra 3600)
[    70.513]    sd(sdmc:/nv1080-r720l32-status.bin): 4096 B written, read back identical, fnv1a32=fb33babe
[    70.608]    sd(sdmc:/nv1080-r720l32-bits.bin): 233143 B written, read back identical, fnv1a32=5ea9362e
[    70.841]    sd(sdmc:/nv1080-r720l32-y.bin): 921600 B written, read back identical, fnv1a32=0b9be9ab
[    70.872] -> hb:19 sess=1 getdisp=1 relay=1 txn=1958 vic=n1:rung
[    71.004]    sd(sdmc:/nv1080-r720l32-uv.bin): 471040 B written, read back identical, fnv1a32=192dc372
[    71.090]    nv1080 rung 720l42    (1280x 720): 233127 B in 3173 us (status: error 2 ucode 0 pic_type 3 avgQP 20 intra 3600)
[    71.271]    sd(sdmc:/nv1080-r720l42-status.bin): 4096 B written, read back identical, fnv1a32=861ce15f
[    71.386]    sd(sdmc:/nv1080-r720l42-bits.bin): 233143 B written, read back identical, fnv1a32=5ea9362e
[    71.453]    sd(sdmc:/nv1080-r720l42-y.bin): 921600 B written, read back identical, fnv1a32=0b9be9ab
[    71.507]    sd(sdmc:/nv1080-r720l42-uv.bin): 471040 B written, read back identical, fnv1a32=192dc372
[    71.520]    nv1080 rung 1920x720  (1920x 720): 312226 B in 4316 us (status: error 2 ucode 0 pic_type 3 avgQP 20 intra 5400)
[    71.549]    sd(sdmc:/nv1080-r1920x720-status.bin): 4096 B written, read back identical, fnv1a32=b950e773
[    71.586]    sd(sdmc:/nv1080-r1920x720-bits.bin): 312242 B written, read back identical, fnv1a32=8c244c58
[    71.706]    sd(sdmc:/nv1080-r1920x720-y.bin): 1382400 B written, read back identical, fnv1a32=6aef27df
[    71.769]    sd(sdmc:/nv1080-r1920x720-uv.bin): 706560 B written, read back identical, fnv1a32=e4bd23ac
[    71.786]    nv1080 rung 1920x1088 (1920x1088): 424050 B in 6170 us (status: error 2 ucode 0 pic_type 3 avgQP 20 intra 8160)
[    71.815]    sd(sdmc:/nv1080-r1920x1088-status.bin): 4096 B written, read back identical, fnv1a32=04f66680
[    71.857]    sd(sdmc:/nv1080-r1920x1088-bits.bin): 424066 B written, read back identical, fnv1a32=37ca2113
[    71.999]    sd(sdmc:/nv1080-r1920x1088-y.bin): 2088960 B written, read back identical, fnv1a32=e0b7711b
[    72.069]    sd(sdmc:/nv1080-r1920x1088-uv.bin): 1044480 B written, read back identical, fnv1a32=474cebb8
[    73.081]    nv1080 rung 1080 (1920x1080): *** STALLED *** - the first rung that does not complete
[    73.090]    nv1080: 1080: no status from our job in 1 s. Leaving the NVENC channel OPEN (M74).
[    73.098]    nv1080: syncpt 14 now 853, fence 854 not reached; status picture index 0x4d383604 (ours)
[    73.105]    No further engine work this boot.
[    73.130] -> n1:rung_STALLED_left_open
[    73.281]    usb: not Configured (no host, or "usb" absent from the arm file) - skipping transport
[    73.338] -> dbg:2_attached
[    73.345]    DebugActiveProcess(pid=143) rc=0x0 ATTACHED
[    73.356]    walked 1782 regions (complete); 5 big enough (1 exactly 26542080 B); 3 probe reads
[    73.363]      region 0: base=0x391cfe6000 size=26542080   <== EXACT SWAPCHAIN SIZE
[    73.367]      region 1: base=0x390b26d000 size=41541632
[    73.371]      region 2: base=0x3935622000 size=92274688
[    73.377]      region 3: base=0x394f1e4000 size=41021440
[    73.382]      region 4: base=0x39702dd000 size=39002112
[    73.386]    *** SWAPCHAIN AT 0x391cfe6000 (offset 0 into its region) - matched by EXACT SIZE ***
[    73.390]        slot0 +0x0000000: 8c 4d 6e ff  8e 4f 6e ff  90 50 6e ff  91 50 6e ff
[    73.395]        slot1 +0x0870000: 8c 4d 6e ff  8e 4f 6e ff  90 50 6e ff  91 50 6e ff
[    73.401]        slot2 +0x10e0000: 8c 4d 6e ff  8e 4f 6e ff  90 50 6e ff  91 50 6e ff
[    73.407]    GAME FROZEN FOR 2 ms (M45 was 4780 ms - only the strip read needs a halt)
[    73.413]    drained 44 debug events; ContinueDebugEvent rc=0x0 -> GAME RUNNING WHILE WE STAY ATTACHED
[    73.417]    attached, in total: debug events 7 (+7 threads, -0 threads, 0 other) in 7 wakes; continued 7 (cores 0-3: 7/0/0/0), busy 0, failed 0 (last rc 0x0); longest hold 1839 us
[    73.421]    live sample over 120 ms: *** PIXELS CHANGED - the game is presenting while attached ***
[    73.427]        t0: 68 cd ed ff 4d c3 ed ff
[    73.435]        t1: 4e c3 ed ff 4d c3 ed ff
[    73.439]    read 983040 B of block-row in 712 us -> 1379 MB/s
[    73.445]    => one full 8,847,360 B slot ~6412 us; 60 fps needs <= 16667 us  [FEASIBLE]
[    73.450]    block-row: nonzero=983040/983040  distinct=189  pixels=245760
[    73.461]    0xFF per lane: [0]=2 [1]=319 [2]=26920 [3]=235598  (the alpha lane is the big one)
[    73.468]    first 16 B: 2c 2c 2c ff 2c 2c 2c ff 2c 2c 2c ff 2c 2c 2c ff
[    73.472]    FULL SLOT into RAM: 9/9 strips, 8947 us total, 988 MB/s -> *** FITS IN A 60 fps FRAME BUDGET ***
[    73.478]    ---- VIC on real game pixels ----
[    73.483]    nvmapOwn(capture, cacheable) rc=0x0 -> pinned at 0x00000000
[    73.487]    block-row read FAILED; strip blit did not complete
[    73.491]    swept 2 variants: 0 completed, 0 dumped
[    73.498]      BEST         bytesum=0
[    73.502]      ONE2ONE      bytesum=0
[    73.506]    dumps: strip.bin FAILED vic.bin FAILED   (compare with tools/compare_vic.py)
[    73.513]    frame dump did not complete (0 chunks)
[    73.533] -> dbg:dump_failed
[    73.568] -> vb:released
[    73.927] -> hb:20 sess=1 getdisp=1 relay=1 txn=2333 vic=vb:released
[    74.458] *** binder txn #2400  program=0100152000022000  session=20  code=7(queueBuffer) x1196  flags=0x0  in=192 out=4096
[    76.955] -> hb:21 sess=1 getdisp=1 relay=1 txn=2697 vic=vb:released
[    79.625] *** binder txn #3000  program=0100152000022000  session=20  code=7(queueBuffer) x1496  flags=0x0  in=192 out=4096
[    80.063] -> hb:22 sess=1 getdisp=1 relay=1 txn=3039 vic=vb:released
[    83.177] -> hb:23 sess=1 getdisp=1 relay=1 txn=3419 vic=vb:released
[    84.645] *** binder txn #3600  program=0100152000022000  session=20  code=7(queueBuffer) x1796  flags=0x0  in=192 out=4096
[    86.222] -> hb:24 sess=1 getdisp=1 relay=1 txn=3775 vic=vb:released
[    89.251] -> hb:25 sess=1 getdisp=1 relay=1 txn=4141 vic=vb:released
[    89.725] *** binder txn #4200  program=0100152000022000  session=20  code=7(queueBuffer) x2096  flags=0x0  in=192 out=4096
[    92.282] -> hb:26 sess=1 getdisp=1 relay=1 txn=4503 vic=vb:released
[    94.725] *** binder txn #4800  program=0100152000022000  session=20  code=7(queueBuffer) x2396  flags=0x0  in=192 out=4096
[    95.306] -> hb:27 sess=1 getdisp=1 relay=1 txn=4867 vic=vb:released
[    98.341] -> hb:28 sess=1 getdisp=1 relay=1 txn=5231 vic=vb:released
[    99.725] *** binder txn #5400  program=0100152000022000  session=20  code=7(queueBuffer) x2696  flags=0x0  in=192 out=4096
[   101.368] -> hb:29 sess=1 getdisp=1 relay=1 txn=5595 vic=vb:released
[   104.396] -> hb:30 sess=1 getdisp=1 relay=1 txn=5959 vic=vb:released
[   104.725] *** binder txn #6000  program=0100152000022000  session=20  code=7(queueBuffer) x2996  flags=0x0  in=192 out=4096
[   107.432] -> hb:31 sess=1 getdisp=1 relay=1 txn=6321 vic=vb:released
[   109.725] *** binder txn #6600  program=0100152000022000  session=20  code=7(queueBuffer) x3296  flags=0x0  in=192 out=4096
[   110.458] -> hb:32 sess=1 getdisp=1 relay=1 txn=6685 vic=vb:released
[   113.490] -> hb:33 sess=1 getdisp=1 relay=1 txn=7049 vic=vb:released
[   114.725] *** binder txn #7200  program=0100152000022000  session=20  code=7(queueBuffer) x3596  flags=0x0  in=192 out=4096
[   116.518] -> hb:34 sess=1 getdisp=1 relay=1 txn=7413 vic=vb:released
[   119.551] -> hb:35 sess=1 getdisp=1 relay=1 txn=7777 vic=vb:released
[   119.725] *** binder txn #7800  program=0100152000022000  session=20  code=7(queueBuffer) x3896  flags=0x0  in=192 out=4096
[   122.578] -> hb:36 sess=1 getdisp=1 relay=1 txn=8139 vic=vb:released
[   124.725] *** binder txn #8400  program=0100152000022000  session=20  code=7(queueBuffer) x4196  flags=0x0  in=192 out=4096
[   125.608] -> hb:37 sess=1 getdisp=1 relay=1 txn=8503 vic=vb:released
[   128.640] -> hb:38 sess=1 getdisp=1 relay=1 txn=8867 vic=vb:released
[   129.725] *** binder txn #9000  program=0100152000022000  session=20  code=7(queueBuffer) x4496  flags=0x0  in=192 out=4096
[   131.738] -> hb:39 sess=1 getdisp=1 relay=1 txn=9231 vic=vb:released
[   134.725] *** binder txn #9600  program=0100152000022000  session=20  code=7(queueBuffer) x4796  flags=0x0  in=192 out=4096
[   134.812] -> hb:40 sess=1 getdisp=1 relay=1 txn=9603 vic=vb:released
[   137.938] -> hb:41 sess=1 getdisp=1 relay=1 txn=9975 vic=vb:released
[   139.725] *** binder txn #10200  program=0100152000022000  session=20  code=7(queueBuffer) x5096  flags=0x0  in=192 out=4096
[   141.036] -> hb:42 sess=1 getdisp=1 relay=1 txn=10347 vic=vb:released
[   144.070] -> hb:43 sess=1 getdisp=1 relay=1 txn=10719 vic=vb:released
[   144.725] *** binder txn #10800  program=0100152000022000  session=20  code=7(queueBuffer) x5396  flags=0x0  in=192 out=4096
[   147.097] -> hb:44 sess=1 getdisp=1 relay=1 txn=11083 vic=vb:released
[   149.725] *** binder txn #11400  program=0100152000022000  session=20  code=7(queueBuffer) x5696  flags=0x0  in=192 out=4096
[   150.130] -> hb:45 sess=1 getdisp=1 relay=1 txn=11445 vic=vb:released
[   153.163] -> hb:46 sess=1 getdisp=1 relay=1 txn=11809 vic=vb:released
[   154.725] *** binder txn #12000  program=0100152000022000  session=20  code=7(queueBuffer) x5996  flags=0x0  in=192 out=4096
[   156.188] -> hb:47 sess=1 getdisp=1 relay=1 txn=12173 vic=vb:released
[   159.222] -> hb:48 sess=1 getdisp=1 relay=1 txn=12537 vic=vb:released
[   159.725] *** binder txn #12600  program=0100152000022000  session=20  code=7(queueBuffer) x6296  flags=0x0  in=192 out=4096
[   162.256] -> hb:49 sess=1 getdisp=1 relay=1 txn=12901 vic=vb:released
[   164.728] *** binder txn #13200  program=0100152000022000  session=20  code=7(queueBuffer) x6596  flags=0x0  in=192 out=4096
[   165.287] -> hb:50 sess=1 getdisp=1 relay=1 txn=13265 vic=vb:released
[   168.314] -> hb:51 sess=1 getdisp=1 relay=1 txn=13629 vic=vb:released
[   169.725] *** binder txn #13800  program=0100152000022000  session=20  code=7(queueBuffer) x6896  flags=0x0  in=192 out=4096
[   171.346] -> hb:52 sess=1 getdisp=1 relay=1 txn=13991 vic=vb:released
[   174.372] -> hb:53 sess=1 getdisp=1 relay=1 txn=14355 vic=vb:released
[   174.725] *** binder txn #14400  program=0100152000022000  session=20  code=7(queueBuffer) x7196  flags=0x0  in=192 out=4096
[   177.407] -> hb:54 sess=1 getdisp=1 relay=1 txn=14719 vic=vb:released
[   179.726] *** binder txn #15000  program=0100152000022000  session=20  code=7(queueBuffer) x7496  flags=0x0  in=192 out=4096
[   180.435] -> hb:55 sess=1 getdisp=1 relay=1 txn=15083 vic=vb:released
[   183.469] -> hb:56 sess=1 getdisp=1 relay=1 txn=15447 vic=vb:released
[   184.725] *** binder txn #15600  program=0100152000022000  session=20  code=7(queueBuffer) x7796  flags=0x0  in=192 out=4096
[   186.495] -> hb:57 sess=1 getdisp=1 relay=1 txn=15809 vic=vb:released
[   189.528] -> hb:58 sess=1 getdisp=1 relay=1 txn=16173 vic=vb:released
[   189.725] *** binder txn #16200  program=0100152000022000  session=20  code=7(queueBuffer) x8096  flags=0x0  in=192 out=4096
[   192.556] -> hb:59 sess=1 getdisp=1 relay=1 txn=16537 vic=vb:released
[   194.725] *** binder txn #16800  program=0100152000022000  session=20  code=7(queueBuffer) x8396  flags=0x0  in=192 out=4096
[   195.585] -> hb:60 sess=1 getdisp=1 relay=1 txn=16901 vic=vb:released
[   198.619] -> hb:61 sess=1 getdisp=1 relay=1 txn=17265 vic=vb:released
[   199.725] *** binder txn #17400  program=0100152000022000  session=20  code=7(queueBuffer) x8696  flags=0x0  in=192 out=4096
[   201.646] -> hb:62 sess=1 getdisp=1 relay=1 txn=17629 vic=vb:released
[   204.681] -> hb:63 sess=1 getdisp=1 relay=1 txn=17991 vic=vb:released
[   204.725] *** binder txn #18000  program=0100152000022000  session=20  code=7(queueBuffer) x8996  flags=0x0  in=192 out=4096
[   207.706] -> hb:64 sess=1 getdisp=1 relay=1 txn=18355 vic=vb:released
[   209.725] *** binder txn #18600  program=0100152000022000  session=20  code=7(queueBuffer) x9296  flags=0x0  in=192 out=4096
[   210.736] -> hb:65 sess=1 getdisp=1 relay=1 txn=18719 vic=vb:released
[   213.765] -> hb:66 sess=1 getdisp=1 relay=1 txn=19083 vic=vb:released
[   214.725] *** binder txn #19200  program=0100152000022000  session=20  code=7(queueBuffer) x9596  flags=0x0  in=192 out=4096
[   216.791] -> hb:67 sess=1 getdisp=1 relay=1 txn=19445 vic=vb:released
[   219.725] *** binder txn #19800  program=0100152000022000  session=20  code=7(queueBuffer) x9896  flags=0x0  in=192 out=4096
[   219.828] -> hb:68 sess=1 getdisp=1 relay=1 txn=19809 vic=vb:released
[   222.856] -> hb:69 sess=1 getdisp=1 relay=1 txn=20173 vic=vb:released
[   224.725] *** binder txn #20400  program=0100152000022000  session=20  code=7(queueBuffer) x10196  flags=0x0  in=192 out=4096
[   225.898] -> hb:70 sess=1 getdisp=1 relay=1 txn=20537 vic=vb:released
[   228.923] -> hb:71 sess=1 getdisp=1 relay=1 txn=20901 vic=vb:released
[   229.725] *** binder txn #21000  program=0100152000022000  session=20  code=7(queueBuffer) x10496  flags=0x0  in=192 out=4096
[   231.956] -> hb:72 sess=1 getdisp=1 relay=1 txn=21265 vic=vb:released
[   234.725] *** binder txn #21600  program=0100152000022000  session=20  code=7(queueBuffer) x10796  flags=0x0  in=192 out=4096
[   234.982] -> hb:73 sess=1 getdisp=1 relay=1 txn=21629 vic=vb:released
[   238.008] -> hb:74 sess=1 getdisp=1 relay=1 txn=21991 vic=vb:released
[   239.729] *** binder txn #22200  program=0100152000022000  session=20  code=7(queueBuffer) x11096  flags=0x0  in=192 out=4096
[   241.038] -> hb:75 sess=1 getdisp=1 relay=1 txn=22355 vic=vb:released
[   244.069] -> hb:76 sess=1 getdisp=1 relay=1 txn=22719 vic=vb:released
[   244.725] *** binder txn #22800  program=0100152000022000  session=20  code=7(queueBuffer) x11396  flags=0x0  in=192 out=4096
[   247.096] -> hb:77 sess=1 getdisp=1 relay=1 txn=23083 vic=vb:released
[   249.725] *** binder txn #23400  program=0100152000022000  session=20  code=7(queueBuffer) x11696  flags=0x0  in=192 out=4096
[   250.125] -> hb:78 sess=1 getdisp=1 relay=1 txn=23445 vic=vb:released
[   253.158] -> hb:79 sess=1 getdisp=1 relay=1 txn=23809 vic=vb:released
[   254.725] *** binder txn #24000  program=0100152000022000  session=20  code=7(queueBuffer) x11996  flags=0x0  in=192 out=4096
[   256.186] -> hb:80 sess=1 getdisp=1 relay=1 txn=24173 vic=vb:released
[   259.218] -> hb:81 sess=1 getdisp=1 relay=1 txn=24537 vic=vb:released
[   259.725] *** binder txn #24600  program=0100152000022000  session=20  code=7(queueBuffer) x12296  flags=0x0  in=192 out=4096
[   262.247] -> hb:82 sess=1 getdisp=1 relay=1 txn=24899 vic=vb:released
[   265.413] -> hb:83 sess=1 getdisp=1 relay=1 txn=24913 vic=vb:released
[   268.454] -> hb:84 sess=1 getdisp=1 relay=1 txn=24913 vic=vb:released
[   271.486] -> hb:85 sess=1 getdisp=1 relay=1 txn=24913 vic=vb:released
[   274.519] -> hb:86 sess=1 getdisp=1 relay=1 txn=24913 vic=vb:released
[   277.648] -> hb:87 sess=1 getdisp=1 relay=1 txn=24913 vic=vb:released
[   280.769] -> hb:88 sess=1 getdisp=1 relay=1 txn=24913 vic=vb:released
[   283.894] -> hb:89 sess=1 getdisp=1 relay=1 txn=24913 vic=vb:released
[   286.935] -> hb:90 sess=1 getdisp=1 relay=1 txn=24913 vic=vb:released
[   289.963] -> hb:91 sess=1 getdisp=1 relay=1 txn=24913 vic=vb:released
[   292.996] -> hb:92 sess=1 getdisp=1 relay=1 txn=24913 vic=vb:released
[   296.035] -> hb:93 sess=1 getdisp=1 relay=1 txn=24913 vic=vb:released
[   299.071] -> hb:94 sess=1 getdisp=1 relay=1 txn=24913 vic=vb:released
[   302.106] -> hb:95 sess=1 getdisp=1 relay=1 txn=24913 vic=vb:released
[   305.136] -> hb:96 sess=1 getdisp=1 relay=1 txn=24913 vic=vb:released
[   308.173] -> hb:97 sess=1 getdisp=1 relay=1 txn=24913 vic=vb:released
[   311.212] -> hb:98 sess=1 getdisp=1 relay=1 txn=24913 vic=vb:released
[   314.248] -> hb:99 sess=1 getdisp=1 relay=1 txn=24913 vic=vb:released
[   317.284] -> hb:100 sess=1 getdisp=1 relay=1 txn=24913 vic=vb:released
[   320.319] -> hb:101 sess=1 getdisp=1 relay=1 txn=24913 vic=vb:released
[   323.351] -> hb:102 sess=1 getdisp=1 relay=1 txn=24913 vic=vb:released
[   326.386] -> hb:103 sess=1 getdisp=1 relay=1 txn=24913 vic=vb:released
[   329.431] -> hb:104 sess=1 getdisp=1 relay=1 txn=24913 vic=vb:released
[   332.469] -> hb:105 sess=1 getdisp=1 relay=1 txn=24913 vic=vb:released
[   335.496] -> hb:106 sess=1 getdisp=1 relay=1 txn=24913 vic=vb:released
[   338.529] -> hb:107 sess=1 getdisp=1 relay=1 txn=24913 vic=vb:released
[   341.571] -> hb:108 sess=1 getdisp=1 relay=1 txn=24913 vic=vb:released
[   344.615] -> hb:109 sess=1 getdisp=1 relay=1 txn=24913 vic=vb:released
[   347.645] -> hb:110 sess=1 getdisp=1 relay=1 txn=24913 vic=vb:released
[   350.686] -> hb:111 sess=1 getdisp=1 relay=1 txn=24913 vic=vb:released
[   353.720] -> hb:112 sess=1 getdisp=1 relay=1 txn=24913 vic=vb:released
