audio: 48 kHz stereo
renderer: opengl, NO vsync
[    1.0 s] decoded 0.0 fps, shown 0.0 fps, skipped 0, 0 Mbps | pc 0.0 ms, console 0.0 ms | decode 0.00 ms (max 0.0), draw+vsync 0.0 ms, worst gap 0.0 ms, usb queue max 0 | audio 0 KB/s, 0 ms queued, 0 underruns, 0 resyncs
[    2.0 s] decoded 0.0 fps, shown 0.0 fps, skipped 0, 0 Mbps | pc 0.0 ms, console 0.0 ms | decode 0.00 ms (max 0.0), draw+vsync 0.0 ms, worst gap 0.0 ms, usb queue max 0 | audio 0 KB/s, 0 ms queued, 0 underruns, 0 resyncs
[    3.0 s] decoded 0.0 fps, shown 0.0 fps, skipped 0, 0 Mbps | pc 0.0 ms, console 0.0 ms | decode 0.00 ms (max 0.0), draw+vsync 0.0 ms, worst gap 0.0 ms, usb queue max 0 | audio 0 KB/s, 0 ms queued, 0 underruns, 0 resyncs
[    4.0 s] decoded 0.0 fps, shown 0.0 fps, skipped 0, 0 Mbps | pc 0.0 ms, console 0.0 ms | decode 0.00 ms (max 0.0), draw+vsync 0.0 ms, worst gap 0.0 ms, usb queue max 0 | audio 0 KB/s, 0 ms queued, 0 underruns, 0 resyncs
[    5.0 s] decoded 0.0 fps, shown 0.0 fps, skipped 0, 0 Mbps | pc 0.0 ms, console 0.0 ms | decode 0.00 ms (max 0.0), draw+vsync 0.0 ms, worst gap 0.0 ms, usb queue max 0 | audio 0 KB/s, 0 ms queued, 0 underruns, 0 resyncs
[    6.0 s] decoded 0.0 fps, shown 0.0 fps, skipped 0, 0 Mbps | pc 0.0 ms, console 0.0 ms | decode 0.00 ms (max 0.0), draw+vsync 0.0 ms, worst gap 0.0 ms, usb queue max 0 | audio 0 KB/s, 0 ms queued, 0 underruns, 0 resyncs
[    7.1 s] decoded 0.0 fps, shown 0.0 fps, skipped 0, 0 Mbps | pc 0.0 ms, console 0.0 ms | decode 0.00 ms (max 0.0), draw+vsync 0.0 ms, worst gap 0.0 ms, usb queue max 0 | audio 0 KB/s, 0 ms queued, 0 underruns, 0 resyncs
[    8.1 s] decoded 0.0 fps, shown 0.0 fps, skipped 0, 0 Mbps | pc 0.0 ms, console 0.0 ms | decode 0.00 ms (max 0.0), draw+vsync 0.0 ms, worst gap 0.0 ms, usb queue max 0 | audio 0 KB/s, 0 ms queued, 0 underruns, 0 resyncs
[    9.1 s] decoded 0.0 fps, shown 0.0 fps, skipped 0, 0 Mbps | pc 0.0 ms, console 0.0 ms | decode 0.00 ms (max 0.0), draw+vsync 0.0 ms, worst gap 0.0 ms, usb queue max 0 | audio 0 KB/s, 0 ms queued, 0 underruns, 0 resyncs
[   10.1 s] decoded 0.0 fps, shown 0.0 fps, skipped 0, 0 Mbps | pc 0.0 ms, console 0.0 ms | decode 0.00 ms (max 0.0), draw+vsync 0.0 ms, worst gap 0.0 ms, usb queue max 0 | audio 0 KB/s, 0 ms queued, 0 underruns, 0 resyncs
[   11.1 s] decoded 0.0 fps, shown 0.0 fps, skipped 0, 0 Mbps | pc 0.0 ms, console 0.0 ms | decode 0.00 ms (max 0.0), draw+vsync 0.0 ms, worst gap 0.0 ms, usb queue max 0 | audio 0 KB/s, 0 ms queued, 0 underruns, 0 resyncs
[   12.1 s] decoded 0.0 fps, shown 0.0 fps, skipped 0, 0 Mbps | pc 0.0 ms, console 0.0 ms | decode 0.00 ms (max 0.0), draw+vsync 0.0 ms, worst gap 0.0 ms, usb queue max 0 | audio 0 KB/s, 0 ms queued, 0 underruns, 0 resyncs
[   13.1 s] decoded 0.0 fps, shown 0.0 fps, skipped 0, 0 Mbps | pc 0.0 ms, console 0.0 ms | decode 0.00 ms (max 0.0), draw+vsync 0.0 ms, worst gap 0.0 ms, usb queue max 0 | audio 0 KB/s, 0 ms queued, 0 underruns, 0 resyncs
[   14.1 s] decoded 0.0 fps, shown 0.0 fps, skipped 0, 0 Mbps | pc 0.0 ms, console 0.0 ms | decode 0.00 ms (max 0.0), draw+vsync 0.0 ms, worst gap 0.0 ms, usb queue max 0 | audio 0 KB/s, 0 ms queued, 0 underruns, 0 resyncs
[   15.1 s] decoded 0.0 fps, shown 0.0 fps, skipped 0, 0 Mbps | pc 0.0 ms, console 0.0 ms | decode 0.00 ms (max 0.0), draw+vsync 0.0 ms, worst gap 0.0 ms, usb queue max 0 | audio 0 KB/s, 0 ms queued, 0 underruns, 0 resyncs
[   16.1 s] decoded 0.0 fps, shown 0.0 fps, skipped 0, 0 Mbps | pc 0.0 ms, console 0.0 ms | decode 0.00 ms (max 0.0), draw+vsync 0.0 ms, worst gap 0.0 ms, usb queue max 0 | audio 0 KB/s, 0 ms queued, 0 underruns, 0 resyncs
[   17.1 s] decoded 0.0 fps, shown 0.0 fps, skipped 0, 0 Mbps | pc 0.0 ms, console 0.0 ms | decode 0.00 ms (max 0.0), draw+vsync 0.0 ms, worst gap 0.0 ms, usb queue max 0 | audio 0 KB/s, 0 ms queued, 0 underruns, 0 resyncs
[   18.1 s] decoded 0.0 fps, shown 0.0 fps, skipped 0, 0 Mbps | pc 0.0 ms, console 0.0 ms | decode 0.00 ms (max 0.0), draw+vsync 0.0 ms, worst gap 0.0 ms, usb queue max 0 | audio 0 KB/s, 0 ms queued, 0 underruns, 0 resyncs
[   19.1 s] decoded 0.0 fps, shown 0.0 fps, skipped 0, 0 Mbps | pc 0.0 ms, console 0.0 ms | decode 0.00 ms (max 0.0), draw+vsync 0.0 ms, worst gap 0.0 ms, usb queue max 0 | audio 0 KB/s, 0 ms queued, 0 underruns, 0 resyncs
[   20.2 s] decoded 0.0 fps, shown 0.0 fps, skipped 0, 0 Mbps | pc 0.0 ms, console 0.0 ms | decode 0.00 ms (max 0.0), draw+vsync 0.0 ms, worst gap 0.0 ms, usb queue max 0 | audio 0 KB/s, 0 ms queued, 0 underruns, 0 resyncs
[   21.2 s] decoded 0.0 fps, shown 0.0 fps, skipped 0, 0 Mbps | pc 0.0 ms, console 0.0 ms | decode 0.00 ms (max 0.0), draw+vsync 0.0 ms, worst gap 0.0 ms, usb queue max 0 | audio 0 KB/s, 0 ms queued, 0 underruns, 0 resyncs
the Switch disconnected - waiting for it
[   25.8 s] decoded 0.0 fps, shown 0.0 fps, skipped 0, 0 Mbps | pc 0.0 ms, console 0.0 ms | decode 0.00 ms (max 0.0), draw+vsync 0.0 ms, worst gap 0.0 ms, usb queue max 0 | audio 0 KB/s, 0 ms queued, 0 underruns, 0 resyncs
[   26.8 s] decoded 0.0 fps, shown 0.0 fps, skipped 0, 0 Mbps | pc 0.0 ms, console 0.0 ms | decode 0.00 ms (max 0.0), draw+vsync 0.0 ms, worst gap 0.0 ms, usb queue max 0 | audio 0 KB/s, 0 ms queued, 0 underruns, 0 resyncs
[   27.8 s] decoded 0.0 fps, shown 0.0 fps, skipped 0, 0 Mbps | pc 0.0 ms, console 0.0 ms | decode 0.00 ms (max 0.0), draw+vsync 0.0 ms, worst gap 0.0 ms, usb queue max 0 | audio 0 KB/s, 0 ms queued, 0 underruns, 0 resyncs
[   28.8 s] decoded 0.0 fps, shown 0.0 fps, skipped 0, 0 Mbps | pc 0.0 ms, console 0.0 ms | decode 0.00 ms (max 0.0), draw+vsync 0.0 ms, worst gap 0.0 ms, usb queue max 0 | audio 0 KB/s, 0 ms queued, 0 underruns, 0 resyncs
[   29.8 s] decoded 0.0 fps, shown 0.0 fps, skipped 0, 0 Mbps | pc 0.0 ms, console 0.0 ms | decode 0.00 ms (max 0.0), draw+vsync 0.0 ms, worst gap 0.0 ms, usb queue max 0 | audio 0 KB/s, 0 ms queued, 0 underruns, 0 resyncs
[   30.8 s] decoded 0.0 fps, shown 0.0 fps, skipped 0, 0 Mbps | pc 0.0 ms, console 0.0 ms | decode 0.00 ms (max 0.0), draw+vsync 0.0 ms, worst gap 0.0 ms, usb queue max 0 | audio 0 KB/s, 0 ms queued, 0 underruns, 0 resyncs
[   31.8 s] decoded 0.0 fps, shown 0.0 fps, skipped 0, 0 Mbps | pc 0.0 ms, console 0.0 ms | decode 0.00 ms (max 0.0), draw+vsync 0.0 ms, worst gap 0.0 ms, usb queue max 0 | audio 0 KB/s, 0 ms queued, 0 underruns, 0 resyncs
[   32.8 s] decoded 0.0 fps, shown 0.0 fps, skipped 0, 0 Mbps | pc 0.0 ms, console 0.0 ms | decode 0.00 ms (max 0.0), draw+vsync 0.0 ms, worst gap 0.0 ms, usb queue max 0 | audio 0 KB/s, 0 ms queued, 0 underruns, 0 resyncs
[   33.8 s] decoded 0.0 fps, shown 0.0 fps, skipped 0, 0 Mbps | pc 0.0 ms, console 0.0 ms | decode 0.00 ms (max 0.0), draw+vsync 0.0 ms, worst gap 0.0 ms, usb queue max 0 | audio 0 KB/s, 0 ms queued, 0 underruns, 0 resyncs
[   34.8 s] decoded 0.0 fps, shown 0.0 fps, skipped 0, 0 Mbps | pc 0.0 ms, console 0.0 ms | decode 0.00 ms (max 0.0), draw+vsync 0.0 ms, worst gap 0.0 ms, usb queue max 0 | audio 0 KB/s, 0 ms queued, 0 underruns, 0 resyncs
[   35.8 s] decoded 0.0 fps, shown 0.0 fps, skipped 0, 0 Mbps | pc 0.0 ms, console 0.0 ms | decode 0.00 ms (max 0.0), draw+vsync 0.0 ms, worst gap 0.0 ms, usb queue max 0 | audio 0 KB/s, 0 ms queued, 0 underruns, 0 resyncs
[   36.9 s] decoded 0.0 fps, shown 0.0 fps, skipped 0, 0 Mbps | pc 0.0 ms, console 0.0 ms | decode 0.00 ms (max 0.0), draw+vsync 0.0 ms, worst gap 0.0 ms, usb queue max 0 | audio 0 KB/s, 0 ms queued, 0 underruns, 0 resyncs
[   37.9 s] decoded 0.0 fps, shown 0.0 fps, skipped 0, 0 Mbps | pc 0.0 ms, console 0.0 ms | decode 0.00 ms (max 0.0), draw+vsync 0.0 ms, worst gap 0.0 ms, usb queue max 0 | audio 0 KB/s, 0 ms queued, 0 underruns, 0 resyncs
[   38.9 s] decoded 0.0 fps, shown 0.0 fps, skipped 0, 0 Mbps | pc 0.0 ms, console 0.0 ms | decode 0.00 ms (max 0.0), draw+vsync 0.0 ms, worst gap 0.0 ms, usb queue max 0 | audio 0 KB/s, 0 ms queued, 0 underruns, 0 resyncs
[   39.9 s] decoded 0.0 fps, shown 0.0 fps, skipped 0, 0 Mbps | pc 0.0 ms, console 0.0 ms | decode 0.00 ms (max 0.0), draw+vsync 0.0 ms, worst gap 0.0 ms, usb queue max 0 | audio 0 KB/s, 0 ms queued, 0 underruns, 0 resyncs
[   40.9 s] decoded 0.0 fps, shown 0.0 fps, skipped 0, 0 Mbps | pc 0.0 ms, console 0.0 ms | decode 0.00 ms (max 0.0), draw+vsync 0.0 ms, worst gap 0.0 ms, usb queue max 0 | audio 0 KB/s, 0 ms queued, 0 underruns, 0 resyncs
[   41.9 s] decoded 0.0 fps, shown 0.0 fps, skipped 0, 0 Mbps | pc 0.0 ms, console 0.0 ms | decode 0.00 ms (max 0.0), draw+vsync 0.0 ms, worst gap 0.0 ms, usb queue max 0 | audio 0 KB/s, 0 ms queued, 0 underruns, 0 resyncs
[   42.9 s] decoded 0.0 fps, shown 0.0 fps, skipped 0, 0 Mbps | pc 0.0 ms, console 0.0 ms | decode 0.00 ms (max 0.0), draw+vsync 0.0 ms, worst gap 0.0 ms, usb queue max 0 | audio 0 KB/s, 0 ms queued, 0 underruns, 0 resyncs
[   43.9 s] decoded 0.0 fps, shown 0.0 fps, skipped 0, 0 Mbps | pc 0.0 ms, console 0.0 ms | decode 0.00 ms (max 0.0), draw+vsync 0.0 ms, worst gap 0.0 ms, usb queue max 0 | audio 0 KB/s, 0 ms queued, 0 underruns, 0 resyncs
[   44.9 s] decoded 0.0 fps, shown 0.0 fps, skipped 0, 0 Mbps | pc 0.0 ms, console 0.0 ms | decode 0.00 ms (max 0.0), draw+vsync 0.0 ms, worst gap 0.0 ms, usb queue max 0 | audio 0 KB/s, 0 ms queued, 0 underruns, 0 resyncs
[   45.9 s] decoded 0.0 fps, shown 0.0 fps, skipped 0, 0 Mbps | pc 0.0 ms, console 0.0 ms | decode 0.00 ms (max 0.0), draw+vsync 0.0 ms, worst gap 0.0 ms, usb queue max 0 | audio 0 KB/s, 0 ms queued, 0 underruns, 0 resyncs
[   46.9 s] decoded 0.0 fps, shown 0.0 fps, skipped 0, 0 Mbps | pc 0.0 ms, console 0.0 ms | decode 0.00 ms (max 0.0), draw+vsync 0.0 ms, worst gap 0.0 ms, usb queue max 0 | audio 0 KB/s, 0 ms queued, 0 underruns, 0 resyncs
[   47.9 s] decoded 0.0 fps, shown 0.0 fps, skipped 0, 0 Mbps | pc 0.0 ms, console 0.0 ms | decode 0.00 ms (max 0.0), draw+vsync 0.0 ms, worst gap 0.0 ms, usb queue max 0 | audio 0 KB/s, 0 ms queued, 0 underruns, 0 resyncs
[   48.9 s] decoded 0.0 fps, shown 0.0 fps, skipped 0, 0 Mbps | pc 0.0 ms, console 0.0 ms | decode 0.00 ms (max 0.0), draw+vsync 0.0 ms, worst gap 0.0 ms, usb queue max 0 | audio 0 KB/s, 0 ms queued, 0 underruns, 0 resyncs
[   49.9 s] decoded 0.0 fps, shown 0.0 fps, skipped 0, 0 Mbps | pc 0.0 ms, console 0.0 ms | decode 0.00 ms (max 0.0), draw+vsync 0.0 ms, worst gap 0.0 ms, usb queue max 0 | audio 0 KB/s, 0 ms queued, 0 underruns, 0 resyncs
[   50.9 s] decoded 0.0 fps, shown 0.0 fps, skipped 0, 0 Mbps | pc 0.0 ms, console 0.0 ms | decode 0.00 ms (max 0.0), draw+vsync 0.0 ms, worst gap 0.0 ms, usb queue max 0 | audio 0 KB/s, 0 ms queued, 0 underruns, 0 resyncs
[   52.0 s] decoded 0.0 fps, shown 0.0 fps, skipped 0, 0 Mbps | pc 0.0 ms, console 0.0 ms | decode 0.00 ms (max 0.0), draw+vsync 0.0 ms, worst gap 0.0 ms, usb queue max 0 | audio 0 KB/s, 0 ms queued, 0 underruns, 0 resyncs
[   53.0 s] decoded 0.0 fps, shown 0.0 fps, skipped 0, 0 Mbps | pc 0.0 ms, console 0.0 ms | decode 0.00 ms (max 0.0), draw+vsync 0.0 ms, worst gap 0.0 ms, usb queue max 0 | audio 0 KB/s, 0 ms queued, 0 underruns, 0 resyncs
[   54.0 s] decoded 0.0 fps, shown 0.0 fps, skipped 0, 0 Mbps | pc 0.0 ms, console 0.0 ms | decode 0.00 ms (max 0.0), draw+vsync 0.0 ms, worst gap 0.0 ms, usb queue max 0 | audio 0 KB/s, 0 ms queued, 0 underruns, 0 resyncs
[   55.0 s] decoded 0.0 fps, shown 0.0 fps, skipped 0, 0 Mbps | pc 0.0 ms, console 0.0 ms | decode 0.00 ms (max 0.0), draw+vsync 0.0 ms, worst gap 0.0 ms, usb queue max 0 | audio 0 KB/s, 0 ms queued, 0 underruns, 0 resyncs
[   56.0 s] decoded 0.0 fps, shown 0.0 fps, skipped 0, 0 Mbps | pc 0.0 ms, console 0.0 ms | decode 0.00 ms (max 0.0), draw+vsync 0.0 ms, worst gap 0.0 ms, usb queue max 0 | audio 0 KB/s, 0 ms queued, 0 underruns, 0 resyncs
[   57.0 s] decoded 0.0 fps, shown 0.0 fps, skipped 0, 0 Mbps | pc 0.0 ms, console 0.0 ms | decode 0.00 ms (max 0.0), draw+vsync 0.0 ms, worst gap 0.0 ms, usb queue max 0 | audio 0 KB/s, 0 ms queued, 0 underruns, 0 resyncs
[   58.0 s] decoded 0.0 fps, shown 0.0 fps, skipped 0, 0 Mbps | pc 0.0 ms, console 0.0 ms | decode 0.00 ms (max 0.0), draw+vsync 0.0 ms, worst gap 0.0 ms, usb queue max 0 | audio 0 KB/s, 0 ms queued, 0 underruns, 0 resyncs
[   59.0 s] decoded 0.0 fps, shown 0.0 fps, skipped 0, 0 Mbps | pc 0.0 ms, console 0.0 ms | decode 0.00 ms (max 0.0), draw+vsync 0.0 ms, worst gap 0.0 ms, usb queue max 0 | audio 0 KB/s, 0 ms queued, 0 underruns, 0 resyncs
[   60.0 s] decoded 0.0 fps, shown 0.0 fps, skipped 0, 0 Mbps | pc 0.0 ms, console 0.0 ms | decode 0.00 ms (max 0.0), draw+vsync 0.0 ms, worst gap 0.0 ms, usb queue max 0 | audio 0 KB/s, 0 ms queued, 0 underruns, 0 resyncs
[   61.0 s] decoded 0.0 fps, shown 0.0 fps, skipped 0, 0 Mbps | pc 0.0 ms, console 0.0 ms | decode 0.00 ms (max 0.0), draw+vsync 0.0 ms, worst gap 0.0 ms, usb queue max 0 | audio 0 KB/s, 0 ms queued, 0 underruns, 0 resyncs
[   62.0 s] decoded 0.0 fps, shown 0.0 fps, skipped 0, 0 Mbps | pc 0.0 ms, console 0.0 ms | decode 0.00 ms (max 0.0), draw+vsync 0.0 ms, worst gap 0.0 ms, usb queue max 0 | audio 0 KB/s, 0 ms queued, 0 underruns, 0 resyncs
[   63.0 s] decoded 0.0 fps, shown 0.0 fps, skipped 0, 0 Mbps | pc 0.0 ms, console 0.0 ms | decode 0.00 ms (max 0.0), draw+vsync 0.0 ms, worst gap 0.0 ms, usb queue max 0 | audio 0 KB/s, 0 ms queued, 0 underruns, 0 resyncs
[   64.0 s] decoded 0.0 fps, shown 0.0 fps, skipped 0, 0 Mbps | pc 0.0 ms, console 0.0 ms | decode 0.00 ms (max 0.0), draw+vsync 0.0 ms, worst gap 0.0 ms, usb queue max 0 | audio 0 KB/s, 0 ms queued, 0 underruns, 0 resyncs
[   65.1 s] decoded 0.0 fps, shown 0.0 fps, skipped 0, 0 Mbps | pc 0.0 ms, console 0.0 ms | decode 0.00 ms (max 0.0), draw+vsync 0.0 ms, worst gap 0.0 ms, usb queue max 0 | audio 0 KB/s, 0 ms queued, 0 underruns, 0 resyncs
[   66.1 s] decoded 0.0 fps, shown 0.0 fps, skipped 0, 0 Mbps | pc 0.0 ms, console 0.0 ms | decode 0.00 ms (max 0.0), draw+vsync 0.0 ms, worst gap 0.0 ms, usb queue max 0 | audio 0 KB/s, 0 ms queued, 0 underruns, 0 resyncs
[   67.1 s] decoded 0.0 fps, shown 0.0 fps, skipped 0, 0 Mbps | pc 0.0 ms, console 0.0 ms | decode 0.00 ms (max 0.0), draw+vsync 0.0 ms, worst gap 0.0 ms, usb queue max 0 | audio 0 KB/s, 0 ms queued, 0 underruns, 0 resyncs
[   68.1 s] decoded 0.0 fps, shown 0.0 fps, skipped 0, 0 Mbps | pc 0.0 ms, console 0.0 ms | decode 0.00 ms (max 0.0), draw+vsync 0.0 ms, worst gap 0.0 ms, usb queue max 0 | audio 0 KB/s, 0 ms queued, 0 underruns, 0 resyncs
[   69.1 s] decoded 0.0 fps, shown 0.0 fps, skipped 0, 0 Mbps | pc 0.0 ms, console 0.0 ms | decode 0.00 ms (max 0.0), draw+vsync 0.0 ms, worst gap 0.0 ms, usb queue max 0 | audio 0 KB/s, 0 ms queued, 0 underruns, 0 resyncs
stream: 1280x720 H.264
[   70.1 s] decoded 1.0 fps, shown 1.0 fps, skipped 0, 2 Mbps | pc 42.7 ms, console 177.3 ms | decode 0.55 ms (max 0.4), draw+vsync 6.5 ms, worst gap 0.0 ms, usb queue max 1 | audio 28 KB/s, 85 ms queued, 0 underruns, 0 resyncs
[   71.1 s] decoded 32.8 fps, shown 32.8 fps, skipped 0, 21 Mbps | pc 34.2 ms, console 40.8 ms | decode 0.06 ms (max 0.2), draw+vsync 0.4 ms, worst gap 53.9 ms, usb queue max 1 | audio 191 KB/s, 107 ms queued, 0 underruns, 0 resyncs
[   72.1 s] decoded 36.5 fps, shown 36.5 fps, skipped 0, 13 Mbps | pc 31.1 ms, console 29.1 ms | decode 0.30 ms (max 9.1), draw+vsync 0.5 ms, worst gap 51.8 ms, usb queue max 1 | audio 189 KB/s, 117 ms queued, 0 underruns, 0 resyncs
[   73.1 s] decoded 11.9 fps, shown 11.9 fps, skipped 0, 0 Mbps | pc 75.5 ms, console 76.3 ms | decode 0.05 ms (max 0.1), draw+vsync 0.5 ms, worst gap 490.7 ms, usb queue max 1 | audio 127 KB/s, 21 ms queued, 2 underruns, 1 resyncs
[   74.1 s] decoded 9.9 fps, shown 9.9 fps, skipped 0, 0 Mbps | pc 123.6 ms, console 104.2 ms | decode 0.05 ms (max 0.1), draw+vsync 0.7 ms, worst gap 219.4 ms, usb queue max 1 | audio 222 KB/s, 96 ms queued, 4 underruns, 2 resyncs
[   75.1 s] decoded 24.0 fps, shown 24.0 fps, skipped 0, 2 Mbps | pc 44.2 ms, console 47.3 ms | decode 0.06 ms (max 0.2), draw+vsync 0.5 ms, worst gap 114.0 ms, usb queue max 1 | audio 188 KB/s, 96 ms queued, 5 underruns, 2 resyncs
[   76.1 s] decoded 24.8 fps, shown 24.8 fps, skipped 0, 2 Mbps | pc 43.3 ms, console 36.3 ms | decode 0.72 ms (max 16.6), draw+vsync 0.5 ms, worst gap 149.5 ms, usb queue max 1 | audio 191 KB/s, 149 ms queued, 10 underruns, 3 resyncs
[   77.1 s] decoded 33.8 fps, shown 33.8 fps, skipped 0, 0 Mbps | pc 32.3 ms, console 34.6 ms | decode 0.06 ms (max 0.1), draw+vsync 0.5 ms, worst gap 101.8 ms, usb queue max 1 | audio 187 KB/s, 117 ms queued, 13 underruns, 4 resyncs
[   78.1 s] decoded 43.7 fps, shown 43.7 fps, skipped 0, 2 Mbps | pc 23.7 ms, console 23.8 ms | decode 0.05 ms (max 0.1), draw+vsync 0.5 ms, worst gap 46.2 ms, usb queue max 1 | audio 187 KB/s, 117 ms queued, 13 underruns, 4 resyncs
[   79.2 s] decoded 45.4 fps, shown 45.4 fps, skipped 0, 2 Mbps | pc 23.9 ms, console 24.0 ms | decode 0.47 ms (max 18.6), draw+vsync 0.5 ms, worst gap 50.3 ms, usb queue max 1 | audio 190 KB/s, 128 ms queued, 13 underruns, 4 resyncs
[   80.2 s] decoded 32.4 fps, shown 32.4 fps, skipped 0, 0 Mbps | pc 29.1 ms, console 28.3 ms | decode 0.06 ms (max 0.2), draw+vsync 0.5 ms, worst gap 108.6 ms, usb queue max 1 | audio 165 KB/s, 0 ms queued, 13 underruns, 4 resyncs
[   81.2 s] decoded 34.5 fps, shown 34.5 fps, skipped 0, 2 Mbps | pc 34.3 ms, console 36.7 ms | decode 0.06 ms (max 0.2), draw+vsync 0.5 ms, worst gap 179.8 ms, usb queue max 1 | audio 209 KB/s, 43 ms queued, 18 underruns, 6 resyncs
[   82.2 s] decoded 29.5 fps, shown 29.5 fps, skipped 0, 2 Mbps | pc 35.9 ms, console 29.9 ms | decode 0.06 ms (max 0.2), draw+vsync 0.5 ms, worst gap 131.0 ms, usb queue max 1 | audio 173 KB/s, 21 ms queued, 20 underruns, 6 resyncs
[   83.2 s] decoded 38.9 fps, shown 38.9 fps, skipped 0, 0 Mbps | pc 27.8 ms, console 30.0 ms | decode 0.06 ms (max 0.1), draw+vsync 0.5 ms, worst gap 134.4 ms, usb queue max 1 | audio 203 KB/s, 107 ms queued, 21 underruns, 6 resyncs
[   84.2 s] decoded 44.9 fps, shown 44.9 fps, skipped 0, 2 Mbps | pc 24.5 ms, console 22.9 ms | decode 0.22 ms (max 7.6), draw+vsync 0.4 ms, worst gap 38.4 ms, usb queue max 1 | audio 188 KB/s, 107 ms queued, 21 underruns, 6 resyncs
[   85.2 s] decoded 48.4 fps, shown 48.4 fps, skipped 0, 2 Mbps | pc 22.8 ms, console 21.8 ms | decode 0.21 ms (max 7.7), draw+vsync 0.5 ms, worst gap 46.8 ms, usb queue max 1 | audio 186 KB/s, 96 ms queued, 21 underruns, 6 resyncs
[   86.2 s] decoded 60.0 fps, shown 60.0 fps, skipped 0, 2 Mbps | pc 17.8 ms, console 8.8 ms | decode 0.17 ms (max 6.8), draw+vsync 0.5 ms, worst gap 30.8 ms, usb queue max 1 | audio 188 KB/s, 96 ms queued, 21 underruns, 6 resyncs
[   87.2 s] decoded 60.0 fps, shown 60.0 fps, skipped 0, 2 Mbps | pc 18.0 ms, console 8.7 ms | decode 0.36 ms (max 18.2), draw+vsync 0.5 ms, worst gap 31.1 ms, usb queue max 1 | audio 189 KB/s, 107 ms queued, 21 underruns, 6 resyncs
[   88.3 s] decoded 60.2 fps, shown 60.2 fps, skipped 0, 2 Mbps | pc 18.2 ms, console 8.5 ms | decode 0.49 ms (max 26.4), draw+vsync 0.5 ms, worst gap 32.2 ms, usb queue max 1 | audio 186 KB/s, 96 ms queued, 21 underruns, 6 resyncs
[   89.3 s] decoded 60.0 fps, shown 60.0 fps, skipped 0, 2 Mbps | pc 17.8 ms, console 5.2 ms | decode 0.23 ms (max 10.6), draw+vsync 0.5 ms, worst gap 24.5 ms, usb queue max 1 | audio 189 KB/s, 107 ms queued, 21 underruns, 6 resyncs
[   90.3 s] decoded 60.1 fps, shown 60.1 fps, skipped 0, 2 Mbps | pc 18.0 ms, console 5.4 ms | decode 0.37 ms (max 19.1), draw+vsync 0.5 ms, worst gap 37.0 ms, usb queue max 1 | audio 189 KB/s, 117 ms queued, 21 underruns, 6 resyncs
[   91.3 s] decoded 60.0 fps, shown 60.0 fps, skipped 0, 2 Mbps | pc 18.6 ms, console 8.8 ms | decode 0.56 ms (max 29.6), draw+vsync 0.5 ms, worst gap 36.5 ms, usb queue max 2 | audio 185 KB/s, 96 ms queued, 21 underruns, 6 resyncs
[   92.3 s] decoded 60.0 fps, shown 60.0 fps, skipped 0, 3 Mbps | pc 17.8 ms, console 5.6 ms | decode 0.22 ms (max 10.0), draw+vsync 0.4 ms, worst gap 23.7 ms, usb queue max 1 | audio 188 KB/s, 107 ms queued, 21 underruns, 6 resyncs
[   93.3 s] decoded 60.0 fps, shown 60.0 fps, skipped 0, 2 Mbps | pc 17.9 ms, console 6.6 ms | decode 0.26 ms (max 12.4), draw+vsync 0.5 ms, worst gap 27.2 ms, usb queue max 1 | audio 188 KB/s, 107 ms queued, 21 underruns, 6 resyncs
[   94.3 s] decoded 60.0 fps, shown 60.0 fps, skipped 0, 2 Mbps | pc 18.0 ms, console 5.8 ms | decode 0.37 ms (max 19.2), draw+vsync 0.5 ms, worst gap 28.1 ms, usb queue max 1 | audio 189 KB/s, 107 ms queued, 21 underruns, 6 resyncs
[   95.3 s] decoded 35.4 fps, shown 35.4 fps, skipped 0, 2 Mbps | pc 18.9 ms, console 10.1 ms | decode 0.33 ms (max 9.9), draw+vsync 0.5 ms, worst gap 34.4 ms, usb queue max 1 | audio 110 KB/s, 0 ms queued, 21 underruns, 6 resyncs
new stream session 2 (the console reattached)
stream: 1920x1080 H.264
[   96.3 s] decoded 50.9 fps, shown 49.9 fps, skipped 1, 4 Mbps | pc 31.4 ms, console 28.3 ms | decode 0.65 ms (max 29.7), draw+vsync 1.3 ms, worst gap 577.4 ms, usb queue max 1 | audio 160 KB/s, 32 ms queued, 25 underruns, 6 resyncs
[   97.4 s] decoded 59.2 fps, shown 59.2 fps, skipped 0, 4 Mbps | pc 19.4 ms, console 28.2 ms | decode 0.61 ms (max 30.5), draw+vsync 0.9 ms, worst gap 40.7 ms, usb queue max 2 | audio 189 KB/s, 43 ms queued, 27 underruns, 6 resyncs
[   98.4 s] decoded 60.8 fps, shown 60.8 fps, skipped 0, 4 Mbps | pc 20.0 ms, console 29.2 ms | decode 0.64 ms (max 33.3), draw+vsync 1.5 ms, worst gap 41.9 ms, usb queue max 1 | audio 187 KB/s, 43 ms queued, 30 underruns, 6 resyncs
recording: starts at the next keyframe
[   99.4 s] decoded 59.2 fps, shown 59.2 fps, skipped 0, 4 Mbps | pc 19.3 ms, console 30.7 ms | decode 0.61 ms (max 32.0), draw+vsync 1.0 ms, worst gap 39.7 ms, usb queue max 1 | audio 186 KB/s, 32 ms queued, 33 underruns, 6 resyncs
recording: recording to /home/tomas/Videos/Switch Frame Tap/switch_2026-09-30_10-09-26.mp4 (1920x1080)
[  100.4 s] decoded 60.8 fps, shown 60.8 fps, skipped 0, 4 Mbps | pc 18.9 ms, console 29.8 ms | decode 0.64 ms (max 34.4), draw+vsync 1.0 ms, worst gap 40.7 ms, usb queue max 1 | audio 188 KB/s, 32 ms queued, 35 underruns, 6 resyncs
[  101.4 s] decoded 56.0 fps, shown 56.0 fps, skipped 0, 4 Mbps | pc 20.3 ms, console 33.1 ms | decode 0.66 ms (max 33.6), draw+vsync 1.0 ms, worst gap 42.1 ms, usb queue max 1 | audio 188 KB/s, 43 ms queued, 37 underruns, 6 resyncs
[  102.4 s] decoded 53.9 fps, shown 53.9 fps, skipped 0, 4 Mbps | pc 20.6 ms, console 39.5 ms | decode 0.65 ms (max 31.7), draw+vsync 1.0 ms, worst gap 63.3 ms, usb queue max 1 | audio 184 KB/s, 43 ms queued, 39 underruns, 6 resyncs
[  103.4 s] decoded 56.9 fps, shown 56.9 fps, skipped 0, 17 Mbps | pc 21.0 ms, console 34.7 ms | decode 1.12 ms (max 39.4), draw+vsync 0.9 ms, worst gap 65.1 ms, usb queue max 1 | audio 188 KB/s, 43 ms queued, 40 underruns, 6 resyncs
[  104.4 s] decoded 61.6 fps, shown 61.6 fps, skipped 0, 15 Mbps | pc 19.4 ms, console 24.7 ms | decode 0.75 ms (max 29.5), draw+vsync 0.8 ms, worst gap 33.8 ms, usb queue max 1 | audio 191 KB/s, 64 ms queued, 40 underruns, 6 resyncs
[  105.4 s] decoded 39.6 fps, shown 39.6 fps, skipped 0, 16 Mbps | pc 28.1 ms, console 60.5 ms | decode 0.57 ms (max 17.7), draw+vsync 0.7 ms, worst gap 60.7 ms, usb queue max 1 | audio 186 KB/s, 53 ms queued, 41 underruns, 6 resyncs
[  106.4 s] decoded 51.6 fps, shown 51.6 fps, skipped 0, 48 Mbps | pc 25.4 ms, console 39.6 ms | decode 1.54 ms (max 29.4), draw+vsync 0.8 ms, worst gap 44.7 ms, usb queue max 1 | audio 191 KB/s, 75 ms queued, 41 underruns, 6 resyncs
[aac @ 0x71a100002a80] Qavg: 182.105
recording: saved /home/tomas/Videos/Switch Frame Tap/switch_2026-09-30_10-09-26.mp4 (14 MB, 7 s)
[  107.4 s] decoded 55.0 fps, shown 55.0 fps, skipped 0, 66 Mbps | pc 23.2 ms, console 24.9 ms | decode 0.64 ms (max 14.2), draw+vsync 0.5 ms, worst gap 53.1 ms, usb queue max 1 | audio 184 KB/s, 53 ms queued, 41 underruns, 6 resyncs
[  108.4 s] decoded 43.9 fps, shown 43.9 fps, skipped 0, 67 Mbps | pc 29.8 ms, console 55.5 ms | decode 1.36 ms (max 12.4), draw+vsync 0.4 ms, worst gap 39.4 ms, usb queue max 1 | audio 192 KB/s, 75 ms queued, 41 underruns, 6 resyncs
[  109.4 s] decoded 59.2 fps, shown 59.2 fps, skipped 0, 89 Mbps | pc 23.4 ms, console 27.8 ms | decode 1.29 ms (max 20.1), draw+vsync 0.6 ms, worst gap 31.0 ms, usb queue max 1 | audio 185 KB/s, 64 ms queued, 41 underruns, 6 resyncs
[  110.4 s] decoded 60.1 fps, shown 60.1 fps, skipped 0, 105 Mbps | pc 26.5 ms, console 31.4 ms | decode 3.82 ms (max 23.0), draw+vsync 0.5 ms, worst gap 48.3 ms, usb queue max 2 | audio 189 KB/s, 75 ms queued, 41 underruns, 6 resyncs
[  111.4 s] decoded 58.9 fps, shown 58.9 fps, skipped 0, 71 Mbps | pc 22.1 ms, console 24.3 ms | decode 0.81 ms (max 27.8), draw+vsync 0.4 ms, worst gap 54.5 ms, usb queue max 1 | audio 188 KB/s, 75 ms queued, 41 underruns, 6 resyncs
[  112.4 s] decoded 57.7 fps, shown 57.7 fps, skipped 0, 83 Mbps | pc 23.0 ms, console 21.4 ms | decode 1.11 ms (max 33.4), draw+vsync 0.4 ms, worst gap 37.5 ms, usb queue max 2 | audio 187 KB/s, 75 ms queued, 41 underruns, 6 resyncs
[  113.4 s] decoded 61.8 fps, shown 61.8 fps, skipped 0, 72 Mbps | pc 22.4 ms, console 26.7 ms | decode 1.42 ms (max 35.3), draw+vsync 0.4 ms, worst gap 41.3 ms, usb queue max 2 | audio 187 KB/s, 75 ms queued, 41 underruns, 6 resyncs
[  114.5 s] decoded 57.0 fps, shown 57.0 fps, skipped 0, 96 Mbps | pc 25.3 ms, console 27.8 ms | decode 2.39 ms (max 35.1), draw+vsync 0.5 ms, worst gap 37.8 ms, usb queue max 2 | audio 189 KB/s, 75 ms queued, 41 underruns, 6 resyncs
[  115.5 s] decoded 63.6 fps, shown 63.6 fps, skipped 0, 53 Mbps | pc 22.0 ms, console 23.9 ms | decode 1.82 ms (max 37.3), draw+vsync 0.7 ms, worst gap 43.0 ms, usb queue max 2 | audio 187 KB/s, 75 ms queued, 41 underruns, 6 resyncs
[  116.5 s] decoded 58.4 fps, shown 58.4 fps, skipped 0, 53 Mbps | pc 21.8 ms, console 25.7 ms | decode 1.11 ms (max 35.3), draw+vsync 0.4 ms, worst gap 40.8 ms, usb queue max 1 | audio 186 KB/s, 64 ms queued, 41 underruns, 6 resyncs
[  117.5 s] decoded 61.1 fps, shown 61.1 fps, skipped 0, 26 Mbps | pc 20.7 ms, console 37.8 ms | decode 1.47 ms (max 30.4), draw+vsync 0.6 ms, worst gap 43.2 ms, usb queue max 2 | audio 189 KB/s, 75 ms queued, 41 underruns, 6 resyncs
[  118.5 s] decoded 51.6 fps, shown 51.6 fps, skipped 0, 9 Mbps | pc 21.1 ms, console 36.7 ms | decode 0.51 ms (max 9.2), draw+vsync 0.6 ms, worst gap 77.5 ms, usb queue max 1 | audio 186 KB/s, 96 ms queued, 42 underruns, 6 resyncs
[  119.5 s] decoded 55.2 fps, shown 55.2 fps, skipped 0, 9 Mbps | pc 19.0 ms, console 22.3 ms | decode 0.30 ms (max 9.3), draw+vsync 0.8 ms, worst gap 31.8 ms, usb queue max 1 | audio 173 KB/s, 11 ms queued, 42 underruns, 6 resyncs
[  120.5 s] decoded 53.1 fps, shown 53.1 fps, skipped 0, 7 Mbps | pc 21.8 ms, console 37.7 ms | decode 0.13 ms (max 3.9), draw+vsync 0.8 ms, worst gap 91.3 ms, usb queue max 1 | audio 197 KB/s, 64 ms queued, 42 underruns, 6 resyncs
[  121.5 s] decoded 59.6 fps, shown 59.6 fps, skipped 0, 8 Mbps | pc 18.5 ms, console 30.2 ms | decode 0.08 ms (max 1.5), draw+vsync 0.7 ms, worst gap 30.3 ms, usb queue max 1 | audio 187 KB/s, 64 ms queued, 42 underruns, 6 resyncs
[  122.6 s] decoded 57.9 fps, shown 57.9 fps, skipped 0, 6 Mbps | pc 19.3 ms, console 28.8 ms | decode 0.13 ms (max 2.8), draw+vsync 0.7 ms, worst gap 56.9 ms, usb queue max 1 | audio 192 KB/s, 85 ms queued, 42 underruns, 6 resyncs
[  123.6 s] decoded 48.8 fps, shown 48.8 fps, skipped 0, 6 Mbps | pc 21.9 ms, console 34.7 ms | decode 0.08 ms (max 0.9), draw+vsync 0.8 ms, worst gap 84.6 ms, usb queue max 1 | audio 183 KB/s, 64 ms queued, 42 underruns, 6 resyncs
[  124.6 s] decoded 60.8 fps, shown 60.8 fps, skipped 0, 7 Mbps | pc 18.1 ms, console 31.6 ms | decode 0.06 ms (max 0.2), draw+vsync 0.8 ms, worst gap 33.1 ms, usb queue max 1 | audio 187 KB/s, 64 ms queued, 42 underruns, 6 resyncs
[  125.6 s] decoded 54.5 fps, shown 54.5 fps, skipped 0, 53 Mbps | pc 23.6 ms, console 39.7 ms | decode 1.46 ms (max 15.3), draw+vsync 0.6 ms, worst gap 62.8 ms, usb queue max 1 | audio 190 KB/s, 85 ms queued, 42 underruns, 6 resyncs
[  126.6 s] decoded 60.1 fps, shown 60.1 fps, skipped 0, 90 Mbps | pc 22.4 ms, console 24.5 ms | decode 0.86 ms (max 18.1), draw+vsync 0.5 ms, worst gap 31.7 ms, usb queue max 1 | audio 189 KB/s, 85 ms queued, 42 underruns, 6 resyncs
[  127.6 s] decoded 60.3 fps, shown 60.3 fps, skipped 0, 77 Mbps | pc 22.0 ms, console 22.9 ms | decode 1.00 ms (max 17.2), draw+vsync 0.4 ms, worst gap 32.5 ms, usb queue max 1 | audio 186 KB/s, 75 ms queued, 42 underruns, 6 resyncs
recording: starts at the next keyframe
recording: recording to /home/tomas/Videos/Switch Frame Tap/switch_2026-09-30_10-09-55.mp4 (1920x1080)
[  128.6 s] decoded 60.1 fps, shown 60.1 fps, skipped 0, 66 Mbps | pc 20.9 ms, console 22.6 ms | decode 0.40 ms (max 10.1), draw+vsync 0.4 ms, worst gap 30.1 ms, usb queue max 1 | audio 189 KB/s, 85 ms queued, 42 underruns, 6 resyncs
[  129.6 s] decoded 58.7 fps, shown 58.7 fps, skipped 0, 114 Mbps | pc 27.2 ms, console 28.0 ms | decode 3.54 ms (max 23.2), draw+vsync 0.5 ms, worst gap 37.2 ms, usb queue max 1 | audio 187 KB/s, 85 ms queued, 42 underruns, 6 resyncs
[  130.6 s] decoded 61.3 fps, shown 61.3 fps, skipped 0, 40 Mbps | pc 19.8 ms, console 23.7 ms | decode 0.64 ms (max 11.3), draw+vsync 0.5 ms, worst gap 30.5 ms, usb queue max 1 | audio 190 KB/s, 96 ms queued, 42 underruns, 6 resyncs
[  131.6 s] decoded 59.6 fps, shown 59.6 fps, skipped 0, 79 Mbps | pc 22.5 ms, console 22.3 ms | decode 1.27 ms (max 15.7), draw+vsync 0.4 ms, worst gap 27.3 ms, usb queue max 1 | audio 187 KB/s, 96 ms queued, 42 underruns, 6 resyncs
[  132.6 s] decoded 58.9 fps, shown 58.9 fps, skipped 0, 114 Mbps | pc 25.2 ms, console 33.0 ms | decode 2.54 ms (max 16.1), draw+vsync 0.4 ms, worst gap 29.1 ms, usb queue max 1 | audio 184 KB/s, 75 ms queued, 42 underruns, 6 resyncs
[  133.7 s] decoded 61.1 fps, shown 61.1 fps, skipped 0, 47 Mbps | pc 22.2 ms, console 31.6 ms | decode 1.64 ms (max 41.3), draw+vsync 0.7 ms, worst gap 43.0 ms, usb queue max 2 | audio 189 KB/s, 85 ms queued, 42 underruns, 6 resyncs
[  134.7 s] decoded 59.9 fps, shown 59.9 fps, skipped 0, 29 Mbps | pc 20.6 ms, console 27.3 ms | decode 1.02 ms (max 34.4), draw+vsync 0.7 ms, worst gap 40.6 ms, usb queue max 2 | audio 189 KB/s, 85 ms queued, 42 underruns, 6 resyncs
[  135.7 s] decoded 59.5 fps, shown 59.5 fps, skipped 0, 28 Mbps | pc 21.3 ms, console 27.8 ms | decode 1.41 ms (max 39.4), draw+vsync 0.9 ms, worst gap 45.9 ms, usb queue max 2 | audio 186 KB/s, 85 ms queued, 42 underruns, 6 resyncs
[  136.7 s] decoded 60.5 fps, shown 60.5 fps, skipped 0, 32 Mbps | pc 20.3 ms, console 29.8 ms | decode 0.95 ms (max 37.7), draw+vsync 0.7 ms, worst gap 39.7 ms, usb queue max 1 | audio 191 KB/s, 96 ms queued, 42 underruns, 6 resyncs
[  137.7 s] decoded 56.9 fps, shown 56.9 fps, skipped 0, 52 Mbps | pc 23.9 ms, console 35.8 ms | decode 2.39 ms (max 34.6), draw+vsync 0.8 ms, worst gap 58.0 ms, usb queue max 2 | audio 184 KB/s, 75 ms queued, 42 underruns, 6 resyncs
[  138.7 s] decoded 57.7 fps, shown 57.7 fps, skipped 0, 128 Mbps | pc 27.5 ms, console 52.7 ms | decode 3.29 ms (max 13.3), draw+vsync 0.4 ms, worst gap 25.5 ms, usb queue max 1 | audio 187 KB/s, 75 ms queued, 42 underruns, 6 resyncs
[  139.7 s] decoded 60.0 fps, shown 60.0 fps, skipped 0, 114 Mbps | pc 25.2 ms, console 33.3 ms | decode 2.65 ms (max 14.4), draw+vsync 0.5 ms, worst gap 32.0 ms, usb queue max 1 | audio 185 KB/s, 64 ms queued, 42 underruns, 6 resyncs
[  140.7 s] decoded 61.3 fps, shown 61.3 fps, skipped 0, 115 Mbps | pc 25.2 ms, console 28.8 ms | decode 2.56 ms (max 14.0), draw+vsync 0.5 ms, worst gap 31.0 ms, usb queue max 1 | audio 194 KB/s, 96 ms queued, 42 underruns, 6 resyncs
[  141.7 s] decoded 59.5 fps, shown 59.5 fps, skipped 0, 75 Mbps | pc 21.6 ms, console 23.2 ms | decode 0.83 ms (max 10.9), draw+vsync 0.4 ms, worst gap 28.7 ms, usb queue max 1 | audio 186 KB/s, 85 ms queued, 42 underruns, 6 resyncs
[  142.7 s] decoded 60.7 fps, shown 60.7 fps, skipped 0, 80 Mbps | pc 22.7 ms, console 24.4 ms | decode 1.22 ms (max 16.5), draw+vsync 0.5 ms, worst gap 33.7 ms, usb queue max 1 | audio 187 KB/s, 85 ms queued, 42 underruns, 6 resyncs
[  143.7 s] decoded 57.8 fps, shown 57.8 fps, skipped 0, 122 Mbps | pc 28.0 ms, console 34.0 ms | decode 4.24 ms (max 18.6), draw+vsync 0.4 ms, worst gap 33.1 ms, usb queue max 1 | audio 187 KB/s, 85 ms queued, 42 underruns, 6 resyncs
[  144.8 s] decoded 61.1 fps, shown 61.1 fps, skipped 0, 150 Mbps | pc 29.4 ms, console 41.5 ms | decode 5.35 ms (max 14.5), draw+vsync 0.5 ms, worst gap 22.2 ms, usb queue max 1 | audio 189 KB/s, 96 ms queued, 42 underruns, 6 resyncs
[  145.8 s] decoded 61.2 fps, shown 61.2 fps, skipped 0, 119 Mbps | pc 25.8 ms, console 25.4 ms | decode 3.19 ms (max 17.1), draw+vsync 0.4 ms, worst gap 37.9 ms, usb queue max 1 | audio 185 KB/s, 85 ms queued, 42 underruns, 6 resyncs
[  146.8 s] decoded 60.3 fps, shown 60.3 fps, skipped 0, 107 Mbps | pc 23.9 ms, console 22.7 ms | decode 1.70 ms (max 15.1), draw+vsync 0.4 ms, worst gap 27.7 ms, usb queue max 1 | audio 190 KB/s, 96 ms queued, 42 underruns, 6 resyncs
[  147.8 s] decoded 59.0 fps, shown 59.0 fps, skipped 0, 112 Mbps | pc 24.6 ms, console 23.6 ms | decode 1.83 ms (max 15.5), draw+vsync 0.4 ms, worst gap 29.0 ms, usb queue max 1 | audio 188 KB/s, 96 ms queued, 42 underruns, 6 resyncs
[  148.8 s] decoded 59.7 fps, shown 59.7 fps, skipped 0, 123 Mbps | pc 27.0 ms, console 30.6 ms | decode 3.81 ms (max 16.5), draw+vsync 0.4 ms, worst gap 29.1 ms, usb queue max 1 | audio 187 KB/s, 96 ms queued, 42 underruns, 6 resyncs
[  149.8 s] decoded 59.1 fps, shown 59.1 fps, skipped 0, 84 Mbps | pc 22.9 ms, console 45.0 ms | decode 1.19 ms (max 12.3), draw+vsync 0.4 ms, worst gap 22.7 ms, usb queue max 1 | audio 185 KB/s, 85 ms queued, 42 underruns, 6 resyncs
[  150.8 s] decoded 58.8 fps, shown 58.8 fps, skipped 0, 74 Mbps | pc 21.6 ms, console 53.2 ms | decode 0.25 ms (max 3.4), draw+vsync 0.3 ms, worst gap 23.4 ms, usb queue max 1 | audio 191 KB/s, 96 ms queued, 42 underruns, 6 resyncs
[  151.8 s] decoded 56.9 fps, shown 56.9 fps, skipped 0, 81 Mbps | pc 22.5 ms, console 55.2 ms | decode 0.42 ms (max 5.6), draw+vsync 0.3 ms, worst gap 26.9 ms, usb queue max 1 | audio 184 KB/s, 85 ms queued, 42 underruns, 6 resyncs
[  152.8 s] decoded 59.4 fps, shown 59.4 fps, skipped 0, 68 Mbps | pc 21.6 ms, console 56.5 ms | decode 0.10 ms (max 1.8), draw+vsync 0.4 ms, worst gap 28.7 ms, usb queue max 1 | audio 190 KB/s, 96 ms queued, 42 underruns, 6 resyncs
[  153.8 s] decoded 59.1 fps, shown 59.1 fps, skipped 0, 81 Mbps | pc 22.2 ms, console 52.9 ms | decode 0.72 ms (max 9.4), draw+vsync 0.4 ms, worst gap 27.0 ms, usb queue max 1 | audio 185 KB/s, 85 ms queued, 42 underruns, 6 resyncs
[  154.8 s] decoded 59.3 fps, shown 59.3 fps, skipped 0, 170 Mbps | pc 33.3 ms, console 47.1 ms | decode 8.02 ms (max 18.3), draw+vsync 0.4 ms, worst gap 26.2 ms, usb queue max 1 | audio 186 KB/s, 75 ms queued, 42 underruns, 6 resyncs
[  155.9 s] decoded 59.8 fps, shown 59.8 fps, skipped 0, 187 Mbps | pc 35.9 ms, console 40.6 ms | decode 9.70 ms (max 23.0), draw+vsync 0.4 ms, worst gap 24.4 ms, usb queue max 1 | audio 191 KB/s, 96 ms queued, 42 underruns, 6 resyncs
[  156.9 s] decoded 59.6 fps, shown 59.6 fps, skipped 0, 183 Mbps | pc 35.0 ms, console 41.5 ms | decode 9.24 ms (max 18.5), draw+vsync 0.4 ms, worst gap 27.1 ms, usb queue max 1 | audio 187 KB/s, 85 ms queued, 42 underruns, 6 resyncs
[  157.9 s] decoded 53.3 fps, shown 53.3 fps, skipped 0, 180 Mbps | pc 40.3 ms, console 51.6 ms | decode 11.10 ms (max 22.4), draw+vsync 0.4 ms, worst gap 62.9 ms, usb queue max 1 | audio 190 KB/s, 96 ms queued, 42 underruns, 6 resyncs
[aac @ 0x71a100002880] Qavg: 197.430
recording: saved /home/tomas/Videos/Switch Frame Tap/switch_2026-09-30_10-09-55.mp4 (381 MB, 30 s)
[  158.9 s] decoded 61.3 fps, shown 61.3 fps, skipped 0, 187 Mbps | pc 36.5 ms, console 48.1 ms | decode 10.47 ms (max 30.6), draw+vsync 0.6 ms, worst gap 32.3 ms, usb queue max 1 | audio 186 KB/s, 96 ms queued, 42 underruns, 6 resyncs
audio muted
audio on
[  159.9 s] decoded 60.0 fps, shown 60.0 fps, skipped 0, 155 Mbps | pc 30.6 ms, console 44.6 ms | decode 6.14 ms (max 25.4), draw+vsync 0.4 ms, worst gap 35.9 ms, usb queue max 1 | audio 83 KB/s, 21 ms queued, 42 underruns, 6 resyncs
[  160.9 s] decoded 59.9 fps, shown 59.9 fps, skipped 0, 155 Mbps | pc 31.1 ms, console 44.7 ms | decode 6.04 ms (max 28.5), draw+vsync 0.5 ms, worst gap 37.2 ms, usb queue max 2 | audio 188 KB/s, 21 ms queued, 42 underruns, 6 resyncs
[  161.9 s] decoded 59.8 fps, shown 59.8 fps, skipped 0, 172 Mbps | pc 33.4 ms, console 41.7 ms | decode 8.09 ms (max 21.9), draw+vsync 0.4 ms, worst gap 27.7 ms, usb queue max 1 | audio 191 KB/s, 43 ms queued, 43 underruns, 6 resyncs
[  162.9 s] decoded 59.8 fps, shown 59.8 fps, skipped 0, 202 Mbps | pc 39.0 ms, console 44.2 ms | decode 12.03 ms (max 27.6), draw+vsync 0.4 ms, worst gap 28.6 ms, usb queue max 1 | audio 183 KB/s, 21 ms queued, 44 underruns, 6 resyncs
[  163.9 s] decoded 59.8 fps, shown 59.8 fps, skipped 0, 189 Mbps | pc 36.2 ms, console 39.9 ms | decode 10.32 ms (max 19.3), draw+vsync 0.4 ms, worst gap 33.0 ms, usb queue max 1 | audio 187 KB/s, 21 ms queued, 44 underruns, 6 resyncs
[  164.9 s] decoded 59.8 fps, shown 59.8 fps, skipped 0, 181 Mbps | pc 35.6 ms, console 38.7 ms | decode 9.66 ms (max 23.7), draw+vsync 0.4 ms, worst gap 34.6 ms, usb queue max 1 | audio 187 KB/s, 21 ms queued, 44 underruns, 6 resyncs
[  165.9 s] decoded 61.0 fps, shown 61.0 fps, skipped 0, 176 Mbps | pc 34.8 ms, console 36.1 ms | decode 9.16 ms (max 19.1), draw+vsync 0.4 ms, worst gap 26.4 ms, usb queue max 1 | audio 189 KB/s, 32 ms queued, 44 underruns, 6 resyncs
[  166.9 s] decoded 61.3 fps, shown 61.3 fps, skipped 0, 146 Mbps | pc 29.5 ms, console 25.9 ms | decode 5.63 ms (max 15.6), draw+vsync 0.5 ms, worst gap 28.3 ms, usb queue max 1 | audio 186 KB/s, 21 ms queued, 46 underruns, 6 resyncs
[  167.9 s] decoded 58.7 fps, shown 58.7 fps, skipped 0, 138 Mbps | pc 28.7 ms, console 28.2 ms | decode 4.59 ms (max 17.3), draw+vsync 0.4 ms, worst gap 28.7 ms, usb queue max 1 | audio 187 KB/s, 21 ms queued, 46 underruns, 6 resyncs
[  169.0 s] decoded 61.8 fps, shown 61.8 fps, skipped 0, 101 Mbps | pc 24.5 ms, console 30.0 ms | decode 2.80 ms (max 18.4), draw+vsync 0.5 ms, worst gap 31.8 ms, usb queue max 1 | audio 191 KB/s, 43 ms queued, 48 underruns, 6 resyncs
[  170.0 s] decoded 60.2 fps, shown 60.2 fps, skipped 0, 38 Mbps | pc 20.0 ms, console 20.5 ms | decode 0.50 ms (max 18.1), draw+vsync 0.6 ms, worst gap 26.4 ms, usb queue max 1 | audio 186 KB/s, 32 ms queued, 48 underruns, 6 resyncs
[  171.0 s] decoded 30.0 fps, shown 30.0 fps, skipped 0, 1 Mbps | pc 33.5 ms, console 100.4 ms | decode 0.06 ms (max 0.2), draw+vsync 0.8 ms, worst gap 87.3 ms, usb queue max 1 | audio 72 KB/s, 21 ms queued, 49 underruns, 6 resyncs
[  172.0 s] decoded 11.8 fps, shown 11.8 fps, skipped 0, 2 Mbps | pc 80.0 ms, console 988.0 ms | decode 0.08 ms (max 0.2), draw+vsync 0.9 ms, worst gap 193.8 ms, usb queue max 1 | audio 0 KB/s, 21 ms queued, 49 underruns, 6 resyncs
[  173.0 s] decoded 0.0 fps, shown 0.0 fps, skipped 0, 0 Mbps | pc 0.0 ms, console 0.0 ms | decode 0.00 ms (max 0.0), draw+vsync 0.0 ms, worst gap 0.0 ms, usb queue max 0 | audio 0 KB/s, 21 ms queued, 49 underruns, 6 resyncs
5471 packets, 5470 decoded, 5469 shown, 1 skipped (latency cap), 0 not decoded, 0 lost, 763.1 MB in 173 s
92 keyframes (IDR)
PC latency (header arrival -> on screen): avg 25.1 ms, max 586.3 ms
console latency (present -> header sent): avg 33.4 ms, max 1359.0 ms
game audio: 19.0 MB, 49 underruns, 6 resyncs
packets=5471 frames=5470 undecoded=0 lost=0
audio: 48 kHz stereo
renderer: opengl, NO vsync
[    1.0 s] decoded 0.0 fps, shown 0.0 fps, skipped 0, 0 Mbps | pc 0.0 ms, console 0.0 ms | decode 0.00 ms (max 0.0), draw+vsync 0.0 ms, worst gap 0.0 ms, usb queue max 0 | audio 0 KB/s, 0 ms queued, 0 underruns, 0 resyncs
[    2.0 s] decoded 0.0 fps, shown 0.0 fps, skipped 0, 0 Mbps | pc 0.0 ms, console 0.0 ms | decode 0.00 ms (max 0.0), draw+vsync 0.0 ms, worst gap 0.0 ms, usb queue max 0 | audio 0 KB/s, 0 ms queued, 0 underruns, 0 resyncs
[    3.0 s] decoded 0.0 fps, shown 0.0 fps, skipped 0, 0 Mbps | pc 0.0 ms, console 0.0 ms | decode 0.00 ms (max 0.0), draw+vsync 0.0 ms, worst gap 0.0 ms, usb queue max 0 | audio 0 KB/s, 0 ms queued, 0 underruns, 0 resyncs
[    4.0 s] decoded 0.0 fps, shown 0.0 fps, skipped 0, 0 Mbps | pc 0.0 ms, console 0.0 ms | decode 0.00 ms (max 0.0), draw+vsync 0.0 ms, worst gap 0.0 ms, usb queue max 0 | audio 0 KB/s, 0 ms queued, 0 underruns, 0 resyncs
[    5.0 s] decoded 0.0 fps, shown 0.0 fps, skipped 0, 0 Mbps | pc 0.0 ms, console 0.0 ms | decode 0.00 ms (max 0.0), draw+vsync 0.0 ms, worst gap 0.0 ms, usb queue max 0 | audio 0 KB/s, 0 ms queued, 0 underruns, 0 resyncs
[    6.0 s] decoded 0.0 fps, shown 0.0 fps, skipped 0, 0 Mbps | pc 0.0 ms, console 0.0 ms | decode 0.00 ms (max 0.0), draw+vsync 0.0 ms, worst gap 0.0 ms, usb queue max 0 | audio 0 KB/s, 0 ms queued, 0 underruns, 0 resyncs
[    7.0 s] decoded 0.0 fps, shown 0.0 fps, skipped 0, 0 Mbps | pc 0.0 ms, console 0.0 ms | decode 0.00 ms (max 0.0), draw+vsync 0.0 ms, worst gap 0.0 ms, usb queue max 0 | audio 0 KB/s, 0 ms queued, 0 underruns, 0 resyncs
[    8.1 s] decoded 0.0 fps, shown 0.0 fps, skipped 0, 0 Mbps | pc 0.0 ms, console 0.0 ms | decode 0.00 ms (max 0.0), draw+vsync 0.0 ms, worst gap 0.0 ms, usb queue max 0 | audio 0 KB/s, 0 ms queued, 0 underruns, 0 resyncs
[    9.1 s] decoded 0.0 fps, shown 0.0 fps, skipped 0, 0 Mbps | pc 0.0 ms, console 0.0 ms | decode 0.00 ms (max 0.0), draw+vsync 0.0 ms, worst gap 0.0 ms, usb queue max 0 | audio 0 KB/s, 0 ms queued, 0 underruns, 0 resyncs
[   10.1 s] decoded 0.0 fps, shown 0.0 fps, skipped 0, 0 Mbps | pc 0.0 ms, console 0.0 ms | decode 0.00 ms (max 0.0), draw+vsync 0.0 ms, worst gap 0.0 ms, usb queue max 0 | audio 0 KB/s, 0 ms queued, 0 underruns, 0 resyncs
[   11.1 s] decoded 0.0 fps, shown 0.0 fps, skipped 0, 0 Mbps | pc 0.0 ms, console 0.0 ms | decode 0.00 ms (max 0.0), draw+vsync 0.0 ms, worst gap 0.0 ms, usb queue max 0 | audio 0 KB/s, 0 ms queued, 0 underruns, 0 resyncs
[   12.1 s] decoded 0.0 fps, shown 0.0 fps, skipped 0, 0 Mbps | pc 0.0 ms, console 0.0 ms | decode 0.00 ms (max 0.0), draw+vsync 0.0 ms, worst gap 0.0 ms, usb queue max 0 | audio 0 KB/s, 0 ms queued, 0 underruns, 0 resyncs
[   13.1 s] decoded 0.0 fps, shown 0.0 fps, skipped 0, 0 Mbps | pc 0.0 ms, console 0.0 ms | decode 0.00 ms (max 0.0), draw+vsync 0.0 ms, worst gap 0.0 ms, usb queue max 0 | audio 0 KB/s, 0 ms queued, 0 underruns, 0 resyncs
[   14.1 s] decoded 0.0 fps, shown 0.0 fps, skipped 0, 0 Mbps | pc 0.0 ms, console 0.0 ms | decode 0.00 ms (max 0.0), draw+vsync 0.0 ms, worst gap 0.0 ms, usb queue max 0 | audio 0 KB/s, 0 ms queued, 0 underruns, 0 resyncs
[   15.1 s] decoded 0.0 fps, shown 0.0 fps, skipped 0, 0 Mbps | pc 0.0 ms, console 0.0 ms | decode 0.00 ms (max 0.0), draw+vsync 0.0 ms, worst gap 0.0 ms, usb queue max 0 | audio 0 KB/s, 0 ms queued, 0 underruns, 0 resyncs
[   16.1 s] decoded 0.0 fps, shown 0.0 fps, skipped 0, 0 Mbps | pc 0.0 ms, console 0.0 ms | decode 0.00 ms (max 0.0), draw+vsync 0.0 ms, worst gap 0.0 ms, usb queue max 0 | audio 0 KB/s, 0 ms queued, 0 underruns, 0 resyncs
[   17.1 s] decoded 0.0 fps, shown 0.0 fps, skipped 0, 0 Mbps | pc 0.0 ms, console 0.0 ms | decode 0.00 ms (max 0.0), draw+vsync 0.0 ms, worst gap 0.0 ms, usb queue max 0 | audio 0 KB/s, 0 ms queued, 0 underruns, 0 resyncs
[   18.1 s] decoded 0.0 fps, shown 0.0 fps, skipped 0, 0 Mbps | pc 0.0 ms, console 0.0 ms | decode 0.00 ms (max 0.0), draw+vsync 0.0 ms, worst gap 0.0 ms, usb queue max 0 | audio 0 KB/s, 0 ms queued, 0 underruns, 0 resyncs
stream: 1280x720 H.264
[   19.2 s] decoded 34.5 fps, shown 34.5 fps, skipped 0, 9 Mbps | pc 18.4 ms, console 9.5 ms | decode 0.34 ms (max 7.6), draw+vsync 0.5 ms, worst gap 25.3 ms, usb queue max 1 | audio 106 KB/s, 43 ms queued, 0 underruns, 0 resyncs
[   20.2 s] decoded 60.1 fps, shown 60.1 fps, skipped 0, 13 Mbps | pc 18.1 ms, console 8.5 ms | decode 0.06 ms (max 0.5), draw+vsync 0.4 ms, worst gap 25.0 ms, usb queue max 1 | audio 185 KB/s, 32 ms queued, 0 underruns, 0 resyncs
[   21.2 s] decoded 59.6 fps, shown 59.6 fps, skipped 0, 19 Mbps | pc 18.8 ms, console 9.3 ms | decode 0.26 ms (max 5.5), draw+vsync 0.4 ms, worst gap 56.7 ms, usb queue max 1 | audio 187 KB/s, 43 ms queued, 1 underruns, 0 resyncs
[   22.2 s] decoded 60.2 fps, shown 60.2 fps, skipped 0, 31 Mbps | pc 19.0 ms, console 13.5 ms | decode 0.33 ms (max 8.3), draw+vsync 0.3 ms, worst gap 39.7 ms, usb queue max 1 | audio 190 KB/s, 53 ms queued, 1 underruns, 0 resyncs
[   23.2 s] decoded 60.1 fps, shown 60.1 fps, skipped 0, 14 Mbps | pc 18.3 ms, console 11.6 ms | decode 0.25 ms (max 12.0), draw+vsync 0.3 ms, worst gap 23.8 ms, usb queue max 1 | audio 189 KB/s, 53 ms queued, 1 underruns, 0 resyncs
[   24.2 s] decoded 59.9 fps, shown 59.9 fps, skipped 0, 2 Mbps | pc 18.2 ms, console 11.7 ms | decode 0.36 ms (max 18.5), draw+vsync 0.5 ms, worst gap 31.1 ms, usb queue max 1 | audio 188 KB/s, 53 ms queued, 1 underruns, 0 resyncs
[   25.2 s] decoded 60.1 fps, shown 60.1 fps, skipped 0, 3 Mbps | pc 18.0 ms, console 11.3 ms | decode 0.33 ms (max 17.1), draw+vsync 0.5 ms, worst gap 31.4 ms, usb queue max 1 | audio 185 KB/s, 43 ms queued, 1 underruns, 0 resyncs
[   26.2 s] decoded 60.0 fps, shown 60.0 fps, skipped 0, 3 Mbps | pc 18.2 ms, console 11.4 ms | decode 0.43 ms (max 22.3), draw+vsync 0.5 ms, worst gap 28.9 ms, usb queue max 1 | audio 188 KB/s, 53 ms queued, 1 underruns, 0 resyncs
[   27.2 s] decoded 60.0 fps, shown 60.0 fps, skipped 0, 2 Mbps | pc 18.0 ms, console 11.0 ms | decode 0.39 ms (max 20.3), draw+vsync 0.5 ms, worst gap 31.5 ms, usb queue max 1 | audio 189 KB/s, 53 ms queued, 1 underruns, 0 resyncs
recording: starts at the next keyframe
[   28.2 s] decoded 60.0 fps, shown 60.0 fps, skipped 0, 2 Mbps | pc 18.0 ms, console 10.8 ms | decode 0.38 ms (max 19.4), draw+vsync 0.5 ms, worst gap 26.2 ms, usb queue max 1 | audio 188 KB/s, 53 ms queued, 1 underruns, 0 resyncs
recording: recording to /home/tomas/Videos/Switch Frame Tap/switch_2026-09-30_10-15-53.mp4 (1280x720)
[   29.3 s] decoded 60.0 fps, shown 60.0 fps, skipped 0, 2 Mbps | pc 18.0 ms, console 10.8 ms | decode 0.39 ms (max 20.1), draw+vsync 0.5 ms, worst gap 27.7 ms, usb queue max 1 | audio 185 KB/s, 43 ms queued, 1 underruns, 0 resyncs
[   30.3 s] decoded 60.0 fps, shown 60.0 fps, skipped 0, 8 Mbps | pc 18.7 ms, console 11.6 ms | decode 0.46 ms (max 24.7), draw+vsync 0.6 ms, worst gap 29.9 ms, usb queue max 1 | audio 188 KB/s, 43 ms queued, 1 underruns, 0 resyncs
[   31.3 s] decoded 42.0 fps, shown 42.0 fps, skipped 0, 10 Mbps | pc 25.6 ms, console 17.6 ms | decode 0.31 ms (max 9.7), draw+vsync 0.5 ms, worst gap 317.5 ms, usb queue max 1 | audio 188 KB/s, 43 ms queued, 3 underruns, 2 resyncs
[   32.3 s] decoded 60.0 fps, shown 60.0 fps, skipped 0, 4 Mbps | pc 18.2 ms, console 6.8 ms | decode 0.36 ms (max 18.6), draw+vsync 0.5 ms, worst gap 34.0 ms, usb queue max 1 | audio 188 KB/s, 43 ms queued, 3 underruns, 2 resyncs
[   33.3 s] decoded 59.9 fps, shown 59.9 fps, skipped 0, 4 Mbps | pc 18.6 ms, console 7.2 ms | decode 0.44 ms (max 23.9), draw+vsync 0.6 ms, worst gap 34.5 ms, usb queue max 1 | audio 189 KB/s, 43 ms queued, 3 underruns, 2 resyncs
[   34.3 s] decoded 60.1 fps, shown 60.1 fps, skipped 0, 4 Mbps | pc 17.9 ms, console 7.1 ms | decode 0.16 ms (max 6.8), draw+vsync 0.5 ms, worst gap 29.8 ms, usb queue max 1 | audio 185 KB/s, 32 ms queued, 4 underruns, 2 resyncs
[   35.3 s] decoded 59.9 fps, shown 59.9 fps, skipped 0, 4 Mbps | pc 18.2 ms, console 7.4 ms | decode 0.38 ms (max 20.3), draw+vsync 0.5 ms, worst gap 29.3 ms, usb queue max 1 | audio 189 KB/s, 43 ms queued, 4 underruns, 2 resyncs
[   36.3 s] decoded 60.1 fps, shown 60.1 fps, skipped 0, 4 Mbps | pc 18.7 ms, console 6.7 ms | decode 0.59 ms (max 32.7), draw+vsync 0.6 ms, worst gap 32.5 ms, usb queue max 1 | audio 185 KB/s, 32 ms queued, 4 underruns, 2 resyncs
[   37.3 s] decoded 59.2 fps, shown 59.2 fps, skipped 0, 5 Mbps | pc 18.8 ms, console 11.5 ms | decode 0.30 ms (max 12.1), draw+vsync 0.5 ms, worst gap 35.5 ms, usb queue max 1 | audio 189 KB/s, 43 ms queued, 4 underruns, 2 resyncs
[   38.3 s] decoded 60.0 fps, shown 60.0 fps, skipped 0, 4 Mbps | pc 18.3 ms, console 17.7 ms | decode 0.20 ms (max 9.2), draw+vsync 0.5 ms, worst gap 26.1 ms, usb queue max 1 | audio 188 KB/s, 43 ms queued, 4 underruns, 2 resyncs
[   39.4 s] decoded 31.4 fps, shown 31.4 fps, skipped 0, 1 Mbps | pc 19.0 ms, console 18.0 ms | decode 0.05 ms (max 0.1), draw+vsync 0.5 ms, worst gap 22.7 ms, usb queue max 1 | audio 98 KB/s, 0 ms queued, 4 underruns, 2 resyncs
new stream session 2 (the console reattached)
[aac @ 0x7aa240002a80] Qavg: 4729.826
recording: saved /home/tomas/Videos/Switch Frame Tap/switch_2026-09-30_10-15-53.mp4 (7 MB, 10 s) - the picture size changed, continuing in a new file
recording: recording to /home/tomas/Videos/Switch Frame Tap/switch_2026-09-30_10-16-04.mp4 (1920x1080)
stream: 1920x1080 H.264
[   40.4 s] decoded 50.1 fps, shown 50.1 fps, skipped 0, 6 Mbps | pc 32.9 ms, console 37.4 ms | decode 0.28 ms (max 11.4), draw+vsync 1.5 ms, worst gap 662.0 ms, usb queue max 1 | audio 161 KB/s, 32 ms queued, 6 underruns, 2 resyncs
[   41.4 s] decoded 57.9 fps, shown 57.9 fps, skipped 0, 7 Mbps | pc 19.3 ms, console 37.6 ms | decode 0.52 ms (max 26.6), draw+vsync 0.9 ms, worst gap 36.2 ms, usb queue max 1 | audio 184 KB/s, 11 ms queued, 6 underruns, 2 resyncs
[   42.4 s] decoded 52.3 fps, shown 52.3 fps, skipped 0, 7 Mbps | pc 22.2 ms, console 46.1 ms | decode 0.61 ms (max 28.6), draw+vsync 0.9 ms, worst gap 48.0 ms, usb queue max 1 | audio 193 KB/s, 53 ms queued, 9 underruns, 2 resyncs
[   43.4 s] decoded 58.8 fps, shown 58.8 fps, skipped 0, 46 Mbps | pc 22.0 ms, console 28.7 ms | decode 1.67 ms (max 29.9), draw+vsync 0.7 ms, worst gap 36.7 ms, usb queue max 1 | audio 187 KB/s, 53 ms queued, 9 underruns, 2 resyncs
[aac @ 0x7aa24009c700] Qavg: 184.766
recording: saved /home/tomas/Videos/Switch Frame Tap/switch_2026-09-30_10-16-04.mp4 (12 MB, 5 s)
[   44.4 s] decoded 61.1 fps, shown 61.1 fps, skipped 0, 27 Mbps | pc 19.7 ms, console 29.3 ms | decode 0.89 ms (max 21.9), draw+vsync 0.8 ms, worst gap 31.4 ms, usb queue max 1 | audio 185 KB/s, 43 ms queued, 9 underruns, 2 resyncs
[   45.4 s] decoded 60.2 fps, shown 60.2 fps, skipped 0, 6 Mbps | pc 19.3 ms, console 26.0 ms | decode 0.65 ms (max 32.8), draw+vsync 1.0 ms, worst gap 35.8 ms, usb queue max 2 | audio 189 KB/s, 53 ms queued, 9 underruns, 2 resyncs
[   46.4 s] decoded 53.8 fps, shown 53.8 fps, skipped 0, 6 Mbps | pc 20.9 ms, console 26.8 ms | decode 0.78 ms (max 35.2), draw+vsync 0.9 ms, worst gap 68.7 ms, usb queue max 2 | audio 171 KB/s, 0 ms queued, 9 underruns, 2 resyncs
[   47.4 s] decoded 14.8 fps, shown 14.8 fps, skipped 0, 0 Mbps | pc 66.0 ms, console 559.3 ms | decode 0.07 ms (max 0.2), draw+vsync 0.8 ms, worst gap 66.9 ms, usb queue max 1 | audio 0 KB/s, 0 ms queued, 9 underruns, 2 resyncs
1618 packets, 1617 decoded, 1617 shown, 0 skipped (latency cap), 0 not decoded, 0 lost, 32.0 MB in 48 s
27 keyframes (IDR)
PC latency (header arrival -> on screen): avg 20.1 ms, max 663.1 ms
console latency (present -> header sent): avg 25.0 ms, max 1332.4 ms
game audio: 5.2 MB, 9 underruns, 2 resyncs
packets=1618 frames=1617 undecoded=0 lost=0
